###############################################################################
#
# IAR ELF Linker V9.32.2.340/W64 for ARM                  22/Jun/2023  12:51:57
# Copyright 2007-2023 IAR Systems AB.
#
#    Output file  =
#        E:\Users\GitHub_Backup\WorkProjects\STM32\humidity\16Sensors\UDP_Server_final-16sensors\EWARM\code_rev1\Exe\code_rev1.out
#    Map file     =
#        E:\Users\GitHub_Backup\WorkProjects\STM32\humidity\16Sensors\UDP_Server_final-16sensors\EWARM\code_rev1\List\code_rev1.map
#    Command line =
#        -f
#        E:\Users\GitHub_Backup\WorkProjects\STM32\humidity\16Sensors\UDP_Server_final-16sensors\EWARM\code_rev1\Exe\code_rev1.out.rsp
#        (E:\Users\GitHub_Backup\WorkProjects\STM32\humidity\16Sensors\UDP_Server_final-16sensors\EWARM\code_rev1\Obj\Middlewares\LwIP\altcp.o
#        E:\Users\GitHub_Backup\WorkProjects\STM32\humidity\16Sensors\UDP_Server_final-16sensors\EWARM\code_rev1\Obj\Middlewares\LwIP\altcp_alloc.o
#        E:\Users\GitHub_Backup\WorkProjects\STM32\humidity\16Sensors\UDP_Server_final-16sensors\EWARM\code_rev1\Obj\Middlewares\LwIP\altcp_tcp.o
#        E:\Users\GitHub_Backup\WorkProjects\STM32\humidity\16Sensors\UDP_Server_final-16sensors\EWARM\code_rev1\Obj\Middlewares\LwIP\api_lib.o
#        E:\Users\GitHub_Backup\WorkProjects\STM32\humidity\16Sensors\UDP_Server_final-16sensors\EWARM\code_rev1\Obj\Middlewares\LwIP\api_msg.o
#        E:\Users\GitHub_Backup\WorkProjects\STM32\humidity\16Sensors\UDP_Server_final-16sensors\EWARM\code_rev1\Obj\Middlewares\LwIP\auth.o
#        E:\Users\GitHub_Backup\WorkProjects\STM32\humidity\16Sensors\UDP_Server_final-16sensors\EWARM\code_rev1\Obj\Middlewares\LwIP\autoip.o
#        E:\Users\GitHub_Backup\WorkProjects\STM32\humidity\16Sensors\UDP_Server_final-16sensors\EWARM\code_rev1\Obj\Middlewares\LwIP\bridgeif.o
#        E:\Users\GitHub_Backup\WorkProjects\STM32\humidity\16Sensors\UDP_Server_final-16sensors\EWARM\code_rev1\Obj\Middlewares\LwIP\bridgeif_fdb.o
#        E:\Users\GitHub_Backup\WorkProjects\STM32\humidity\16Sensors\UDP_Server_final-16sensors\EWARM\code_rev1\Obj\Middlewares\LwIP\ccp.o
#        E:\Users\GitHub_Backup\WorkProjects\STM32\humidity\16Sensors\UDP_Server_final-16sensors\EWARM\code_rev1\Obj\Middlewares\LwIP\chap-md5.o
#        E:\Users\GitHub_Backup\WorkProjects\STM32\humidity\16Sensors\UDP_Server_final-16sensors\EWARM\code_rev1\Obj\Middlewares\LwIP\chap-new.o
#        E:\Users\GitHub_Backup\WorkProjects\STM32\humidity\16Sensors\UDP_Server_final-16sensors\EWARM\code_rev1\Obj\Middlewares\LwIP\chap_ms.o
#        E:\Users\GitHub_Backup\WorkProjects\STM32\humidity\16Sensors\UDP_Server_final-16sensors\EWARM\code_rev1\Obj\Middlewares\FreeRTOS\cmsis_os2.o
#        E:\Users\GitHub_Backup\WorkProjects\STM32\humidity\16Sensors\UDP_Server_final-16sensors\EWARM\code_rev1\Obj\Middlewares\FreeRTOS\croutine.o
#        E:\Users\GitHub_Backup\WorkProjects\STM32\humidity\16Sensors\UDP_Server_final-16sensors\EWARM\code_rev1\Obj\Middlewares\LwIP\def.o
#        E:\Users\GitHub_Backup\WorkProjects\STM32\humidity\16Sensors\UDP_Server_final-16sensors\EWARM\code_rev1\Obj\Middlewares\LwIP\demand.o
#        E:\Users\GitHub_Backup\WorkProjects\STM32\humidity\16Sensors\UDP_Server_final-16sensors\EWARM\code_rev1\Obj\Middlewares\LwIP\dhcp.o
#        E:\Users\GitHub_Backup\WorkProjects\STM32\humidity\16Sensors\UDP_Server_final-16sensors\EWARM\code_rev1\Obj\Middlewares\LwIP\dhcp6.o
#        E:\Users\GitHub_Backup\WorkProjects\STM32\humidity\16Sensors\UDP_Server_final-16sensors\EWARM\code_rev1\Obj\Middlewares\LwIP\dns.o
#        E:\Users\GitHub_Backup\WorkProjects\STM32\humidity\16Sensors\UDP_Server_final-16sensors\EWARM\code_rev1\Obj\Middlewares\LwIP\eap.o
#        E:\Users\GitHub_Backup\WorkProjects\STM32\humidity\16Sensors\UDP_Server_final-16sensors\EWARM\code_rev1\Obj\Middlewares\LwIP\ecp.o
#        E:\Users\GitHub_Backup\WorkProjects\STM32\humidity\16Sensors\UDP_Server_final-16sensors\EWARM\code_rev1\Obj\Middlewares\LwIP\err.o
#        E:\Users\GitHub_Backup\WorkProjects\STM32\humidity\16Sensors\UDP_Server_final-16sensors\EWARM\code_rev1\Obj\Middlewares\LwIP\etharp.o
#        E:\Users\GitHub_Backup\WorkProjects\STM32\humidity\16Sensors\UDP_Server_final-16sensors\EWARM\code_rev1\Obj\Middlewares\LwIP\ethernet.o
#        E:\Users\GitHub_Backup\WorkProjects\STM32\humidity\16Sensors\UDP_Server_final-16sensors\EWARM\code_rev1\Obj\Application\User\ethernetif.o
#        E:\Users\GitHub_Backup\WorkProjects\STM32\humidity\16Sensors\UDP_Server_final-16sensors\EWARM\code_rev1\Obj\Middlewares\LwIP\ethip6.o
#        E:\Users\GitHub_Backup\WorkProjects\STM32\humidity\16Sensors\UDP_Server_final-16sensors\EWARM\code_rev1\Obj\Middlewares\LwIP\eui64.o
#        E:\Users\GitHub_Backup\WorkProjects\STM32\humidity\16Sensors\UDP_Server_final-16sensors\EWARM\code_rev1\Obj\Middlewares\FreeRTOS\event_groups.o
#        E:\Users\GitHub_Backup\WorkProjects\STM32\humidity\16Sensors\UDP_Server_final-16sensors\EWARM\code_rev1\Obj\Application\User\freertos.o
#        E:\Users\GitHub_Backup\WorkProjects\STM32\humidity\16Sensors\UDP_Server_final-16sensors\EWARM\code_rev1\Obj\Middlewares\LwIP\fsm.o
#        E:\Users\GitHub_Backup\WorkProjects\STM32\humidity\16Sensors\UDP_Server_final-16sensors\EWARM\code_rev1\Obj\Middlewares\FreeRTOS\heap_4.o
#        E:\Users\GitHub_Backup\WorkProjects\STM32\humidity\16Sensors\UDP_Server_final-16sensors\EWARM\code_rev1\Obj\Middlewares\LwIP\icmp.o
#        E:\Users\GitHub_Backup\WorkProjects\STM32\humidity\16Sensors\UDP_Server_final-16sensors\EWARM\code_rev1\Obj\Middlewares\LwIP\icmp6.o
#        E:\Users\GitHub_Backup\WorkProjects\STM32\humidity\16Sensors\UDP_Server_final-16sensors\EWARM\code_rev1\Obj\Middlewares\LwIP\if_api.o
#        E:\Users\GitHub_Backup\WorkProjects\STM32\humidity\16Sensors\UDP_Server_final-16sensors\EWARM\code_rev1\Obj\Middlewares\LwIP\igmp.o
#        E:\Users\GitHub_Backup\WorkProjects\STM32\humidity\16Sensors\UDP_Server_final-16sensors\EWARM\code_rev1\Obj\Middlewares\LwIP\inet6.o
#        E:\Users\GitHub_Backup\WorkProjects\STM32\humidity\16Sensors\UDP_Server_final-16sensors\EWARM\code_rev1\Obj\Middlewares\LwIP\inet_chksum.o
#        E:\Users\GitHub_Backup\WorkProjects\STM32\humidity\16Sensors\UDP_Server_final-16sensors\EWARM\code_rev1\Obj\Middlewares\LwIP\init.o
#        E:\Users\GitHub_Backup\WorkProjects\STM32\humidity\16Sensors\UDP_Server_final-16sensors\EWARM\code_rev1\Obj\Middlewares\LwIP\ip.o
#        E:\Users\GitHub_Backup\WorkProjects\STM32\humidity\16Sensors\UDP_Server_final-16sensors\EWARM\code_rev1\Obj\Middlewares\LwIP\ip4.o
#        E:\Users\GitHub_Backup\WorkProjects\STM32\humidity\16Sensors\UDP_Server_final-16sensors\EWARM\code_rev1\Obj\Middlewares\LwIP\ip4_addr.o
#        E:\Users\GitHub_Backup\WorkProjects\STM32\humidity\16Sensors\UDP_Server_final-16sensors\EWARM\code_rev1\Obj\Middlewares\LwIP\ip4_frag.o
#        E:\Users\GitHub_Backup\WorkProjects\STM32\humidity\16Sensors\UDP_Server_final-16sensors\EWARM\code_rev1\Obj\Middlewares\LwIP\ip6.o
#        E:\Users\GitHub_Backup\WorkProjects\STM32\humidity\16Sensors\UDP_Server_final-16sensors\EWARM\code_rev1\Obj\Middlewares\LwIP\ip6_addr.o
#        E:\Users\GitHub_Backup\WorkProjects\STM32\humidity\16Sensors\UDP_Server_final-16sensors\EWARM\code_rev1\Obj\Middlewares\LwIP\ip6_frag.o
#        E:\Users\GitHub_Backup\WorkProjects\STM32\humidity\16Sensors\UDP_Server_final-16sensors\EWARM\code_rev1\Obj\Middlewares\LwIP\ipcp.o
#        E:\Users\GitHub_Backup\WorkProjects\STM32\humidity\16Sensors\UDP_Server_final-16sensors\EWARM\code_rev1\Obj\Middlewares\LwIP\ipv6cp.o
#        E:\Users\GitHub_Backup\WorkProjects\STM32\humidity\16Sensors\UDP_Server_final-16sensors\EWARM\code_rev1\Obj\Middlewares\LwIP\lcp.o
#        E:\Users\GitHub_Backup\WorkProjects\STM32\humidity\16Sensors\UDP_Server_final-16sensors\EWARM\code_rev1\Obj\Middlewares\FreeRTOS\list.o
#        E:\Users\GitHub_Backup\WorkProjects\STM32\humidity\16Sensors\UDP_Server_final-16sensors\EWARM\code_rev1\Obj\Middlewares\LwIP\lowpan6.o
#        E:\Users\GitHub_Backup\WorkProjects\STM32\humidity\16Sensors\UDP_Server_final-16sensors\EWARM\code_rev1\Obj\Middlewares\LwIP\lowpan6_ble.o
#        E:\Users\GitHub_Backup\WorkProjects\STM32\humidity\16Sensors\UDP_Server_final-16sensors\EWARM\code_rev1\Obj\Middlewares\LwIP\lowpan6_common.o
#        E:\Users\GitHub_Backup\WorkProjects\STM32\humidity\16Sensors\UDP_Server_final-16sensors\EWARM\code_rev1\Obj\Application\User\lwip.o
#        E:\Users\GitHub_Backup\WorkProjects\STM32\humidity\16Sensors\UDP_Server_final-16sensors\EWARM\code_rev1\Obj\Middlewares\LwIP\magic.o
#        E:\Users\GitHub_Backup\WorkProjects\STM32\humidity\16Sensors\UDP_Server_final-16sensors\EWARM\code_rev1\Obj\Application\User\main.o
#        E:\Users\GitHub_Backup\WorkProjects\STM32\humidity\16Sensors\UDP_Server_final-16sensors\EWARM\code_rev1\Obj\Middlewares\modbusTcpServer\src\mbap.o
#        E:\Users\GitHub_Backup\WorkProjects\STM32\humidity\16Sensors\UDP_Server_final-16sensors\EWARM\code_rev1\Obj\Middlewares\modbusTcpServer\src\mbap_user.o
#        E:\Users\GitHub_Backup\WorkProjects\STM32\humidity\16Sensors\UDP_Server_final-16sensors\EWARM\code_rev1\Obj\Middlewares\LwIP\mem.o
#        E:\Users\GitHub_Backup\WorkProjects\STM32\humidity\16Sensors\UDP_Server_final-16sensors\EWARM\code_rev1\Obj\Middlewares\LwIP\memp.o
#        E:\Users\GitHub_Backup\WorkProjects\STM32\humidity\16Sensors\UDP_Server_final-16sensors\EWARM\code_rev1\Obj\Middlewares\LwIP\mld6.o
#        E:\Users\GitHub_Backup\WorkProjects\STM32\humidity\16Sensors\UDP_Server_final-16sensors\EWARM\code_rev1\Obj\Middlewares\LwIP\mppe.o
#        E:\Users\GitHub_Backup\WorkProjects\STM32\humidity\16Sensors\UDP_Server_final-16sensors\EWARM\code_rev1\Obj\Middlewares\LwIP\mqtt.o
#        E:\Users\GitHub_Backup\WorkProjects\STM32\humidity\16Sensors\UDP_Server_final-16sensors\EWARM\code_rev1\Obj\Middlewares\LwIP\multilink.o
#        E:\Users\GitHub_Backup\WorkProjects\STM32\humidity\16Sensors\UDP_Server_final-16sensors\EWARM\code_rev1\Obj\Middlewares\LwIP\nd6.o
#        E:\Users\GitHub_Backup\WorkProjects\STM32\humidity\16Sensors\UDP_Server_final-16sensors\EWARM\code_rev1\Obj\Middlewares\LwIP\netbuf.o
#        E:\Users\GitHub_Backup\WorkProjects\STM32\humidity\16Sensors\UDP_Server_final-16sensors\EWARM\code_rev1\Obj\Middlewares\LwIP\netdb.o
#        E:\Users\GitHub_Backup\WorkProjects\STM32\humidity\16Sensors\UDP_Server_final-16sensors\EWARM\code_rev1\Obj\Middlewares\LwIP\netif.o
#        E:\Users\GitHub_Backup\WorkProjects\STM32\humidity\16Sensors\UDP_Server_final-16sensors\EWARM\code_rev1\Obj\Middlewares\LwIP\netifapi.o
#        E:\Users\GitHub_Backup\WorkProjects\STM32\humidity\16Sensors\UDP_Server_final-16sensors\EWARM\code_rev1\Obj\Middlewares\LwIP\pbuf.o
#        E:\Users\GitHub_Backup\WorkProjects\STM32\humidity\16Sensors\UDP_Server_final-16sensors\EWARM\code_rev1\Obj\Middlewares\FreeRTOS\port.o
#        E:\Users\GitHub_Backup\WorkProjects\STM32\humidity\16Sensors\UDP_Server_final-16sensors\EWARM\code_rev1\Obj\Middlewares\FreeRTOS\portasm.o
#        E:\Users\GitHub_Backup\WorkProjects\STM32\humidity\16Sensors\UDP_Server_final-16sensors\EWARM\code_rev1\Obj\Middlewares\LwIP\ppp.o
#        E:\Users\GitHub_Backup\WorkProjects\STM32\humidity\16Sensors\UDP_Server_final-16sensors\EWARM\code_rev1\Obj\Middlewares\LwIP\pppapi.o
#        E:\Users\GitHub_Backup\WorkProjects\STM32\humidity\16Sensors\UDP_Server_final-16sensors\EWARM\code_rev1\Obj\Middlewares\LwIP\pppcrypt.o
#        E:\Users\GitHub_Backup\WorkProjects\STM32\humidity\16Sensors\UDP_Server_final-16sensors\EWARM\code_rev1\Obj\Middlewares\LwIP\pppoe.o
#        E:\Users\GitHub_Backup\WorkProjects\STM32\humidity\16Sensors\UDP_Server_final-16sensors\EWARM\code_rev1\Obj\Middlewares\LwIP\pppol2tp.o
#        E:\Users\GitHub_Backup\WorkProjects\STM32\humidity\16Sensors\UDP_Server_final-16sensors\EWARM\code_rev1\Obj\Middlewares\LwIP\pppos.o
#        E:\Users\GitHub_Backup\WorkProjects\STM32\humidity\16Sensors\UDP_Server_final-16sensors\EWARM\code_rev1\Obj\Application\User\printf.o
#        E:\Users\GitHub_Backup\WorkProjects\STM32\humidity\16Sensors\UDP_Server_final-16sensors\EWARM\code_rev1\Obj\Middlewares\FreeRTOS\queue.o
#        E:\Users\GitHub_Backup\WorkProjects\STM32\humidity\16Sensors\UDP_Server_final-16sensors\EWARM\code_rev1\Obj\Middlewares\LwIP\raw.o
#        E:\Users\GitHub_Backup\WorkProjects\STM32\humidity\16Sensors\UDP_Server_final-16sensors\EWARM\code_rev1\Obj\Middlewares\LwIP\slipif.o
#        E:\Users\GitHub_Backup\WorkProjects\STM32\humidity\16Sensors\UDP_Server_final-16sensors\EWARM\code_rev1\Obj\Middlewares\LwIP\sockets.o
#        E:\Users\GitHub_Backup\WorkProjects\STM32\humidity\16Sensors\UDP_Server_final-16sensors\EWARM\code_rev1\Obj\Application\EWARM\startup_stm32f407xx.o
#        E:\Users\GitHub_Backup\WorkProjects\STM32\humidity\16Sensors\UDP_Server_final-16sensors\EWARM\code_rev1\Obj\Middlewares\LwIP\stats.o
#        E:\Users\GitHub_Backup\WorkProjects\STM32\humidity\16Sensors\UDP_Server_final-16sensors\EWARM\code_rev1\Obj\Drivers\STM32F4xx_HAL_Driver\stm32f4xx_hal.o
#        E:\Users\GitHub_Backup\WorkProjects\STM32\humidity\16Sensors\UDP_Server_final-16sensors\EWARM\code_rev1\Obj\Drivers\STM32F4xx_HAL_Driver\stm32f4xx_hal_cortex.o
#        E:\Users\GitHub_Backup\WorkProjects\STM32\humidity\16Sensors\UDP_Server_final-16sensors\EWARM\code_rev1\Obj\Drivers\STM32F4xx_HAL_Driver\stm32f4xx_hal_dma.o
#        E:\Users\GitHub_Backup\WorkProjects\STM32\humidity\16Sensors\UDP_Server_final-16sensors\EWARM\code_rev1\Obj\Drivers\STM32F4xx_HAL_Driver\stm32f4xx_hal_dma_ex.o
#        E:\Users\GitHub_Backup\WorkProjects\STM32\humidity\16Sensors\UDP_Server_final-16sensors\EWARM\code_rev1\Obj\Drivers\STM32F4xx_HAL_Driver\stm32f4xx_hal_eth.o
#        E:\Users\GitHub_Backup\WorkProjects\STM32\humidity\16Sensors\UDP_Server_final-16sensors\EWARM\code_rev1\Obj\Drivers\STM32F4xx_HAL_Driver\stm32f4xx_hal_exti.o
#        E:\Users\GitHub_Backup\WorkProjects\STM32\humidity\16Sensors\UDP_Server_final-16sensors\EWARM\code_rev1\Obj\Drivers\STM32F4xx_HAL_Driver\stm32f4xx_hal_flash.o
#        E:\Users\GitHub_Backup\WorkProjects\STM32\humidity\16Sensors\UDP_Server_final-16sensors\EWARM\code_rev1\Obj\Drivers\STM32F4xx_HAL_Driver\stm32f4xx_hal_flash_ex.o
#        E:\Users\GitHub_Backup\WorkProjects\STM32\humidity\16Sensors\UDP_Server_final-16sensors\EWARM\code_rev1\Obj\Drivers\STM32F4xx_HAL_Driver\stm32f4xx_hal_flash_ramfunc.o
#        E:\Users\GitHub_Backup\WorkProjects\STM32\humidity\16Sensors\UDP_Server_final-16sensors\EWARM\code_rev1\Obj\Drivers\STM32F4xx_HAL_Driver\stm32f4xx_hal_gpio.o
#        E:\Users\GitHub_Backup\WorkProjects\STM32\humidity\16Sensors\UDP_Server_final-16sensors\EWARM\code_rev1\Obj\Application\User\stm32f4xx_hal_msp.o
#        E:\Users\GitHub_Backup\WorkProjects\STM32\humidity\16Sensors\UDP_Server_final-16sensors\EWARM\code_rev1\Obj\Drivers\STM32F4xx_HAL_Driver\stm32f4xx_hal_pwr.o
#        E:\Users\GitHub_Backup\WorkProjects\STM32\humidity\16Sensors\UDP_Server_final-16sensors\EWARM\code_rev1\Obj\Drivers\STM32F4xx_HAL_Driver\stm32f4xx_hal_pwr_ex.o
#        E:\Users\GitHub_Backup\WorkProjects\STM32\humidity\16Sensors\UDP_Server_final-16sensors\EWARM\code_rev1\Obj\Drivers\STM32F4xx_HAL_Driver\stm32f4xx_hal_rcc.o
#        E:\Users\GitHub_Backup\WorkProjects\STM32\humidity\16Sensors\UDP_Server_final-16sensors\EWARM\code_rev1\Obj\Drivers\STM32F4xx_HAL_Driver\stm32f4xx_hal_rcc_ex.o
#        E:\Users\GitHub_Backup\WorkProjects\STM32\humidity\16Sensors\UDP_Server_final-16sensors\EWARM\code_rev1\Obj\Drivers\STM32F4xx_HAL_Driver\stm32f4xx_hal_tim.o
#        E:\Users\GitHub_Backup\WorkProjects\STM32\humidity\16Sensors\UDP_Server_final-16sensors\EWARM\code_rev1\Obj\Drivers\STM32F4xx_HAL_Driver\stm32f4xx_hal_tim_ex.o
#        E:\Users\GitHub_Backup\WorkProjects\STM32\humidity\16Sensors\UDP_Server_final-16sensors\EWARM\code_rev1\Obj\Application\User\stm32f4xx_hal_timebase_tim.o
#        E:\Users\GitHub_Backup\WorkProjects\STM32\humidity\16Sensors\UDP_Server_final-16sensors\EWARM\code_rev1\Obj\Application\User\stm32f4xx_it.o
#        E:\Users\GitHub_Backup\WorkProjects\STM32\humidity\16Sensors\UDP_Server_final-16sensors\EWARM\code_rev1\Obj\Drivers\STM32F4xx_HAL_Driver\stm32f4xx_ll_dma.o
#        E:\Users\GitHub_Backup\WorkProjects\STM32\humidity\16Sensors\UDP_Server_final-16sensors\EWARM\code_rev1\Obj\Drivers\STM32F4xx_HAL_Driver\stm32f4xx_ll_exti.o
#        E:\Users\GitHub_Backup\WorkProjects\STM32\humidity\16Sensors\UDP_Server_final-16sensors\EWARM\code_rev1\Obj\Drivers\STM32F4xx_HAL_Driver\stm32f4xx_ll_gpio.o
#        E:\Users\GitHub_Backup\WorkProjects\STM32\humidity\16Sensors\UDP_Server_final-16sensors\EWARM\code_rev1\Obj\Drivers\STM32F4xx_HAL_Driver\stm32f4xx_ll_rcc.o
#        E:\Users\GitHub_Backup\WorkProjects\STM32\humidity\16Sensors\UDP_Server_final-16sensors\EWARM\code_rev1\Obj\Drivers\STM32F4xx_HAL_Driver\stm32f4xx_ll_usart.o
#        E:\Users\GitHub_Backup\WorkProjects\STM32\humidity\16Sensors\UDP_Server_final-16sensors\EWARM\code_rev1\Obj\Drivers\STM32F4xx_HAL_Driver\stm32f4xx_ll_utils.o
#        E:\Users\GitHub_Backup\WorkProjects\STM32\humidity\16Sensors\UDP_Server_final-16sensors\EWARM\code_rev1\Obj\Middlewares\FreeRTOS\stream_buffer.o
#        E:\Users\GitHub_Backup\WorkProjects\STM32\humidity\16Sensors\UDP_Server_final-16sensors\EWARM\code_rev1\Obj\Middlewares\LwIP\sys.o
#        E:\Users\GitHub_Backup\WorkProjects\STM32\humidity\16Sensors\UDP_Server_final-16sensors\EWARM\code_rev1\Obj\Middlewares\LwIP\sys_arch.o
#        E:\Users\GitHub_Backup\WorkProjects\STM32\humidity\16Sensors\UDP_Server_final-16sensors\EWARM\code_rev1\Obj\Drivers\CMSIS\system_stm32f4xx.o
#        E:\Users\GitHub_Backup\WorkProjects\STM32\humidity\16Sensors\UDP_Server_final-16sensors\EWARM\code_rev1\Obj\Middlewares\FreeRTOS\tasks.o
#        E:\Users\GitHub_Backup\WorkProjects\STM32\humidity\16Sensors\UDP_Server_final-16sensors\EWARM\code_rev1\Obj\Middlewares\LwIP\tcp.o
#        E:\Users\GitHub_Backup\WorkProjects\STM32\humidity\16Sensors\UDP_Server_final-16sensors\EWARM\code_rev1\Obj\Middlewares\modbusTcpServer\src\tcp1.o
#        E:\Users\GitHub_Backup\WorkProjects\STM32\humidity\16Sensors\UDP_Server_final-16sensors\EWARM\code_rev1\Obj\Middlewares\LwIP\tcp_in.o
#        E:\Users\GitHub_Backup\WorkProjects\STM32\humidity\16Sensors\UDP_Server_final-16sensors\EWARM\code_rev1\Obj\Middlewares\LwIP\tcp_out.o
#        E:\Users\GitHub_Backup\WorkProjects\STM32\humidity\16Sensors\UDP_Server_final-16sensors\EWARM\code_rev1\Obj\Middlewares\LwIP\tcpip.o
#        E:\Users\GitHub_Backup\WorkProjects\STM32\humidity\16Sensors\UDP_Server_final-16sensors\EWARM\code_rev1\Obj\Middlewares\LwIP\timeouts.o
#        E:\Users\GitHub_Backup\WorkProjects\STM32\humidity\16Sensors\UDP_Server_final-16sensors\EWARM\code_rev1\Obj\Middlewares\FreeRTOS\timers.o
#        E:\Users\GitHub_Backup\WorkProjects\STM32\humidity\16Sensors\UDP_Server_final-16sensors\EWARM\code_rev1\Obj\Middlewares\LwIP\udp.o
#        E:\Users\GitHub_Backup\WorkProjects\STM32\humidity\16Sensors\UDP_Server_final-16sensors\EWARM\code_rev1\Obj\Middlewares\LwIP\upap.o
#        E:\Users\GitHub_Backup\WorkProjects\STM32\humidity\16Sensors\UDP_Server_final-16sensors\EWARM\code_rev1\Obj\Middlewares\LwIP\utils.o
#        E:\Users\GitHub_Backup\WorkProjects\STM32\humidity\16Sensors\UDP_Server_final-16sensors\EWARM\code_rev1\Obj\Middlewares\LwIP\vj.o
#        E:\Users\GitHub_Backup\WorkProjects\STM32\humidity\16Sensors\UDP_Server_final-16sensors\EWARM\code_rev1\Obj\Middlewares\LwIP\zepif.o
#        --no_out_extension -o
#        E:\Users\GitHub_Backup\WorkProjects\STM32\humidity\16Sensors\UDP_Server_final-16sensors\EWARM\code_rev1\Exe\code_rev1.out
#        --redirect _Printf=_PrintfFullNoMb --redirect _Scanf=_ScanfFullNoMb
#        --map
#        E:\Users\GitHub_Backup\WorkProjects\STM32\humidity\16Sensors\UDP_Server_final-16sensors\EWARM\code_rev1\List\code_rev1.map
#        --config
#        E:\Users\GitHub_Backup\WorkProjects\STM32\humidity\16Sensors\UDP_Server_final-16sensors\EWARM/stm32f407xx_flash.icf
#        --semihosting --entry __iar_program_start --vfe --text_out locale
#        --cpu=Cortex-M4 --fpu=VFPv4_sp)
#
###############################################################################

*******************************************************************************
*** RUNTIME MODEL ATTRIBUTES
***

CppFlavor       = *
__CPP_Runtime   = 1
__Heap_Handler  = NoFree
__SystemLibrary = DLib
__dlib_version  = 6


*******************************************************************************
*** HEAP SELECTION
***

The no free heap was selected because no calls to memory
deallocation functions were found in the application.


*******************************************************************************
*** PLACEMENT SUMMARY
***

"A0":  place at address 0x800'0000 { ro section .intvec };
"P1":  place in [from 0x800'0000 to 0x80f'ffff] { ro };
define block CSTACK with size = 16K, alignment = 8 { };
define block HEAP with size = 8K, alignment = 8 { };
"P2":  place in [from 0x2000'0000 to 0x2001'ffff] {
          rw, block CSTACK, block HEAP };
initialize by copy { rw };

  Section            Kind         Address      Size  Object
  -------            ----         -------      ----  ------
"A0":                                         0x188
  .intvec            ro code   0x800'0000     0x188  startup_stm32f407xx.o [1]
                             - 0x800'0188     0x188

"P1":                                      0x1'3361
  .text              ro code   0x800'0188    0x1454  tcp_out.o [6]
  .text              ro code   0x800'15dc     0x3c0  netif.o [6]
  .text              ro code   0x800'199c     0x2f4  ip4.o [6]
  .text              ro code   0x800'1c90      0x28  printf.o [8]
  .text              ro code   0x800'1cb8     0x16c  memp.o [6]
  .text              ro code   0x800'1e24     0x898  pbuf.o [6]
  .text              ro code   0x800'26bc    0x11ec  tcp.o [6]
  .text              ro code   0x800'38a8      0x26  def.o [6]
  .text              ro code   0x800'38ce      0x7e  lz77_init_single.o [10]
  .text              ro code   0x800'394c      0x18  ABImemcpy_small.o [10]
  .text              ro code   0x800'3964     0x760  udp.o [6]
  .text              ro code   0x800'40c4     0x7ac  etharp.o [6]
  .text              ro code   0x800'4870     0x180  ip4_addr.o [6]
  .text              ro code   0x800'49f0     0x874  ip4_frag.o [6]
  .text              ro code   0x800'5264    0x13f8  tcp_in.o [6]
  .text              ro code   0x800'665c     0x1b0  icmp.o [6]
  .text              ro code   0x800'680c     0xeca  xprintffull_nomb.o [8]
  .rodata            const     0x800'76d6       0x2  xlocale_c.o [8]
  .text              ro code   0x800'76d8     0x18c  sys_arch.o [6]
  .text              ro code   0x800'7864     0x254  tcpip.o [6]
  .text              ro code   0x800'7ab8     0x550  mem.o [6]
  .text              ro code   0x800'8008      0x9c  rand.o [8]
  .text              ro code   0x800'80a4     0x1b4  timeouts.o [6]
  .text              ro code   0x800'8258       0x6  ABImemclr4.o [10]
  .rodata            const     0x800'825e       0x2  xlocale_c.o [8]
  .text              ro code   0x800'8260       0x6  ABImemclr.o [10]
  .rodata            const     0x800'8266       0x1  xlocale_c.o [8]
  .text              ro code   0x800'8268     0x110  ethernet.o [6]
  .text              ro code   0x800'8378      0x14  islower.o [8]
  .text              ro code   0x800'838c      0x14  isspace.o [8]
  .text              ro code   0x800'83a0      0x16  strchr.o [10]
  .text              ro code   0x800'83b8      0x40  xfail_s.o [8]
  .text              ro code   0x800'83f8      0x14  strlen_small.o [10]
  .text              ro code   0x800'840c      0x58  memchr.o [10]
  .text              ro code   0x800'8464      0x70  frexp.o [9]
  .text              ro code   0x800'84d4      0x34  DblCmpLe.o [9]
  .text              ro code   0x800'8508      0x34  DblCmpGe.o [9]
  .text              ro code   0x800'853c     0x13a  ldexp.o [9]
  .text              ro code   0x800'8678      0x36  DblToS32.o [9]
  .text              ro code   0x800'86b0      0x22  S32ToDbl.o [9]
  .text              ro code   0x800'86d4     0x24e  DblAddSub.o [9]
  .text              ro code   0x800'8924     0x246  DblDiv.o [9]
  .text              ro code   0x800'8b6c      0x22  DblToU32.o [9]
  .text              ro code   0x800'8b90      0x1c  U32ToDbl.o [9]
  .text              ro code   0x800'8bac     0x1aa  DblMul.o [9]
  .text              ro code   0x800'8d58      0x34  xlocale_c.o [8]
  .text              ro code   0x800'8d8c     0x106  I64DivMod_small.o [10]
  .text              ro code   0x800'8e94     0x678  cmsis_os2.o [5]
  .text              ro code   0x800'950c      0x26  init.o [6]
  .text              ro code   0x800'9534     0x4ec  ethernetif.o [2]
  .text              ro code   0x800'9a20      0x3a  ABImemset48.o [10]
  .text              ro code   0x800'9a5c      0x12  ABImemset_small.o [10]
  .text              ro code   0x800'9a70      0x1e  memcmp_small.o [10]
  .text              ro code   0x800'9a8e       0x6  abort.o [8]
  .text              ro code   0x800'9a94       0x2  I64DivZer.o [10]
  .text              ro code   0x800'9a98     0x880  tasks.o [5]
  .text              ro code   0x800'a318     0x968  queue.o [5]
  .text              ro code   0x800'ac80     0x200  stm32f4xx_hal_gpio.o [4]
  .text              ro code   0x800'ae80      0xb8  stm32f4xx_hal_cortex.o [4]
  .text              ro code   0x800'af38     0x908  stm32f4xx_hal_eth.o [4]
  .text              ro code   0x800'b840       0xc  stm32f4xx_hal.o [4]
  .text              ro code   0x800'b84c       0x2  ethernetif.o [2]
  .text              ro code   0x800'b850      0x14  exit.o [11]
  .text              ro code   0x800'b864     0x1a8  heap_4.o [5]
  .text              ro code   0x800'ba0c      0x92  list.o [5]
  .text              ro code   0x800'baa0     0x1c6  port.o [5]
  .text              ro code   0x800'bc68     0x358  timers.o [5]
  .text              ro code   0x800'bfc0       0x2  freertos.o [2]
  .text              ro code   0x800'bfc2       0x4  freertos.o [2]
  .text              ro code   0x800'bfc8     0x17c  stm32f4xx_hal_rcc.o [4]
  .text              ro code   0x800'c144      0x28  stm32f4xx_hal.o [4]
  .text              ro code   0x800'c16c       0x2  stm32f4xx_hal_eth.o [4]
  .text              ro code   0x800'c16e       0x2  stm32f4xx_hal_eth.o [4]
  .text              ro code   0x800'c170      0x7c  iarttio.o [11]
  .text              ro code   0x800'c1ec      0x28  port.o [5]
  CODE               ro code   0x800'c214      0xb0  portasm.o [5]
  .text              ro code   0x800'c2c4      0x60  stm32f4xx_hal_rcc.o [4]
  .text              ro code   0x800'c324      0x7c  stm32f4xx_hal_timebase_tim.o [2]
  .text              ro code   0x800'c3a0       0x8  XShttio.o [8]
  .text              ro code   0x800'c3a8     0x612  stm32f4xx_hal_tim.o [4]
  .text              ro code   0x800'c9bc     0x258  stm32f4xx_hal_msp.o [2]
  .text              ro code   0x800'cc14       0x2  stm32f4xx_hal_tim.o [4]
  .text              ro code   0x800'cc18    0x10c8  main.o [2]
  .text              ro code   0x800'dce0       0x2  stm32f4xx_hal_tim.o [4]
  .text              ro code   0x800'dce2       0x2  stm32f4xx_hal_tim_ex.o [4]
  .text              ro code   0x800'dce4       0x2  stm32f4xx_hal_tim.o [4]
  .text              ro code   0x800'dce6       0x2  stm32f4xx_hal_tim_ex.o [4]
  .text              ro code   0x800'dce8       0x2  stm32f4xx_hal_tim.o [4]
  .text              ro code   0x800'dcea      0x14  memset.o [10]
  .text              ro code   0x800'dd00      0x34  stm32f4xx_hal.o [4]
  .text              ro code   0x800'dd34      0xee  stm32f4xx_ll_gpio.o [4]
  .text              ro code   0x800'de24     0x10c  stm32f4xx_ll_usart.o [4]
  .text              ro code   0x800'df30      0x8c  stm32f4xx_hal_tim_ex.o [4]
  .text              ro code   0x800'dfbc     0x314  stm32f4xx_hal_rcc.o [4]
  .text              ro code   0x800'e2d0     0x1c0  printf.o [2]
  .text              ro code   0x800'e490      0x1e  strcat.o [8]
  .text              ro code   0x800'e4b0     0x118  lwip.o [2]
  .text              ro code   0x800'e5c8     0x984  sockets.o [6]
  .text              ro code   0x800'ef4c      0x12  strcmp.o [10]
  .text              ro code   0x800'ef60      0x10  stm32f4xx_hal.o [4]
  .text              ro code   0x800'ef70      0xb8  stm32f4xx_ll_rcc.o [4]
  .text              ro code   0x800'f028      0xcc  netbuf.o [6]
  .text              ro code   0x800'f0f4     0x6b4  api_lib.o [6]
  .text              ro code   0x800'f7a8      0x1c  err.o [6]
  .text              ro code   0x800'f7c4     0xff0  api_msg.o [6]
  .rodata            const     0x801'07b4     0x564  tcp_out.o [6]
  .rodata            const     0x801'0d18     0x4dc  tcp.o [6]
  .rodata            const     0x801'11f4     0x30c  api_msg.o [6]
  .rodata            const     0x801'1500     0x2c8  tcp_in.o [6]
  .rodata            const     0x801'17c8     0x2bc  pbuf.o [6]
  .rodata            const     0x801'1a84     0x238  etharp.o [6]
  .rodata            const     0x801'1cbc     0x1e8  sockets.o [6]
  .rodata            const     0x801'1ea4     0x1dc  mem.o [6]
  .rodata            const     0x801'2080     0x1b4  api_lib.o [6]
  .rodata            const     0x801'2234     0x194  netif.o [6]
  .rodata            const     0x801'23c8     0x194  udp.o [6]
  .rodata            const     0x801'255c     0x14c  icmp.o [6]
  .rodata            const     0x801'26a8     0x138  ip4_frag.o [6]
  .rodata            const     0x801'27e0     0x12c  timeouts.o [6]
  .rodata            const     0x801'290c     0x108  memp.o [6]
  .rodata            const     0x801'2a14      0xf8  tcpip.o [6]
  .rodata            const     0x801'2b0c      0xe8  ethernet.o [6]
  .rodata            const     0x801'2bf4      0xe4  ip4.o [6]
  .text              ro code   0x801'2cd8      0xe4  stm32f4xx_it.o [2]
  .rodata            const     0x801'2dbc      0xd4  netbuf.o [6]
  .rodata            const     0x801'2e90      0xb8  ip4_addr.o [6]
  .rodata            const     0x801'2f48      0x94  ethernetif.o [2]
  .rodata            const     0x801'2fdc      0x48  main.o [2]
  .rodata            const     0x801'3024      0x44  err.o [6]
  .text              ro code   0x801'3068      0x44  putchar.o [8]
  .text              ro code   0x801'30ac      0x10  write.o [11]
  .text              ro code   0x801'30bc      0x1e  dwrite.o [11]
  .text              ro code   0x801'30da      0x20  iarwstd.o [11]
  .text              ro code   0x801'30fa      0x22  iarwrite.o [11]
  .text              ro code   0x801'311c      0x38  zero_init3.o [10]
  .text              ro code   0x801'3154      0x2c  system_stm32f4xx.o [3]
  .text              ro code   0x801'3180      0x28  data_init.o [10]
  .text              ro code   0x801'31a8      0x22  fpinit_M.o [9]
  .iar.init_table    const     0x801'31cc      0x20  - Linker created -
  .text              ro code   0x801'31ec      0x1e  cmain.o [10]
  .text              ro code   0x801'320a       0x4  low_level_init.o [8]
  .text              ro code   0x801'320e       0x4  exit.o [8]
  .text              ro code   0x801'3214       0xa  cexit.o [10]
  .text              ro code   0x801'3220      0x1c  cstartup_M.o [10]
  .text              ro code   0x801'323c      0x16  xprout.o [8]
  .rodata            const     0x801'3254      0x10  main.o [2]
  .text              ro code   0x801'3264      0x10  startup_stm32f407xx.o [1]
  .rodata            const     0x801'3274       0xc  main.o [2]
  .rodata            const     0x801'3280       0xc  memp.o [6]
  .rodata            const     0x801'328c       0xc  memp.o [6]
  .rodata            const     0x801'3298       0xc  memp.o [6]
  .rodata            const     0x801'32a4       0xc  memp.o [6]
  .rodata            const     0x801'32b0       0xc  memp.o [6]
  .rodata            const     0x801'32bc       0xc  memp.o [6]
  .rodata            const     0x801'32c8       0xc  memp.o [6]
  .rodata            const     0x801'32d4       0xc  memp.o [6]
  .rodata            const     0x801'32e0       0xc  memp.o [6]
  .rodata            const     0x801'32ec       0xc  memp.o [6]
  .rodata            const     0x801'32f8       0xc  memp.o [6]
  .rodata            const     0x801'3304       0xc  memp.o [6]
  .rodata            const     0x801'3310       0xc  memp.o [6]
  .rodata            const     0x801'331c       0x8  ethernet.o [6]
  .rodata            const     0x801'3324       0x8  system_stm32f4xx.o [3]
  .rodata            const     0x801'332c       0x4  ip4_addr.o [6]
  .text              ro code   0x801'3330       0x4  startup_stm32f407xx.o [1]
  .text              ro code   0x801'3334       0x4  startup_stm32f407xx.o [1]
  .text              ro code   0x801'3338       0x4  startup_stm32f407xx.o [1]
  .text              ro code   0x801'333c       0x4  startup_stm32f407xx.o [1]
  .text              ro code   0x801'3340       0x4  startup_stm32f407xx.o [1]
  .text              ro code   0x801'3344       0x4  startup_stm32f407xx.o [1]
  .text              ro code   0x801'3348       0x4  startup_stm32f407xx.o [1]
  .text              ro code   0x801'334c       0x4  startup_stm32f407xx.o [1]
  .text              ro code   0x801'3350       0x4  startup_stm32f407xx.o [1]
  .text              ro code   0x801'3354       0x4  startup_stm32f407xx.o [1]
  .text              ro code   0x801'3358       0x4  startup_stm32f407xx.o [1]
  .text              ro code   0x801'335c       0x4  startup_stm32f407xx.o [1]
  .text              ro code   0x801'3360       0x4  startup_stm32f407xx.o [1]
  .text              ro code   0x801'3364       0x4  startup_stm32f407xx.o [1]
  .text              ro code   0x801'3368       0x4  startup_stm32f407xx.o [1]
  .text              ro code   0x801'336c       0x4  startup_stm32f407xx.o [1]
  .text              ro code   0x801'3370       0x4  startup_stm32f407xx.o [1]
  .text              ro code   0x801'3374       0x4  startup_stm32f407xx.o [1]
  .text              ro code   0x801'3378       0x4  startup_stm32f407xx.o [1]
  .text              ro code   0x801'337c       0x4  startup_stm32f407xx.o [1]
  .text              ro code   0x801'3380       0x4  startup_stm32f407xx.o [1]
  .text              ro code   0x801'3384       0x4  startup_stm32f407xx.o [1]
  .text              ro code   0x801'3388       0x4  startup_stm32f407xx.o [1]
  .text              ro code   0x801'338c       0x4  startup_stm32f407xx.o [1]
  .text              ro code   0x801'3390       0x4  startup_stm32f407xx.o [1]
  .text              ro code   0x801'3394       0x4  startup_stm32f407xx.o [1]
  .text              ro code   0x801'3398       0x4  startup_stm32f407xx.o [1]
  .text              ro code   0x801'339c       0x4  startup_stm32f407xx.o [1]
  .text              ro code   0x801'33a0       0x4  startup_stm32f407xx.o [1]
  .text              ro code   0x801'33a4       0x4  startup_stm32f407xx.o [1]
  .text              ro code   0x801'33a8       0x4  startup_stm32f407xx.o [1]
  .text              ro code   0x801'33ac       0x4  startup_stm32f407xx.o [1]
  .text              ro code   0x801'33b0       0x4  startup_stm32f407xx.o [1]
  .text              ro code   0x801'33b4       0x4  startup_stm32f407xx.o [1]
  .text              ro code   0x801'33b8       0x4  startup_stm32f407xx.o [1]
  .text              ro code   0x801'33bc       0x4  startup_stm32f407xx.o [1]
  .text              ro code   0x801'33c0       0x4  startup_stm32f407xx.o [1]
  .text              ro code   0x801'33c4       0x4  startup_stm32f407xx.o [1]
  .text              ro code   0x801'33c8       0x4  startup_stm32f407xx.o [1]
  .text              ro code   0x801'33cc       0x4  startup_stm32f407xx.o [1]
  .text              ro code   0x801'33d0       0x4  startup_stm32f407xx.o [1]
  .text              ro code   0x801'33d4       0x4  startup_stm32f407xx.o [1]
  .text              ro code   0x801'33d8       0x4  startup_stm32f407xx.o [1]
  .text              ro code   0x801'33dc       0x4  startup_stm32f407xx.o [1]
  .text              ro code   0x801'33e0       0x4  startup_stm32f407xx.o [1]
  .text              ro code   0x801'33e4       0x4  startup_stm32f407xx.o [1]
  .text              ro code   0x801'33e8       0x4  startup_stm32f407xx.o [1]
  .text              ro code   0x801'33ec       0x4  startup_stm32f407xx.o [1]
  .text              ro code   0x801'33f0       0x4  startup_stm32f407xx.o [1]
  .text              ro code   0x801'33f4       0x4  startup_stm32f407xx.o [1]
  .text              ro code   0x801'33f8       0x4  startup_stm32f407xx.o [1]
  .text              ro code   0x801'33fc       0x4  startup_stm32f407xx.o [1]
  .text              ro code   0x801'3400       0x4  startup_stm32f407xx.o [1]
  .text              ro code   0x801'3404       0x4  startup_stm32f407xx.o [1]
  .text              ro code   0x801'3408       0x4  startup_stm32f407xx.o [1]
  .text              ro code   0x801'340c       0x4  startup_stm32f407xx.o [1]
  .text              ro code   0x801'3410       0x4  startup_stm32f407xx.o [1]
  .text              ro code   0x801'3414       0x4  startup_stm32f407xx.o [1]
  .text              ro code   0x801'3418       0x4  startup_stm32f407xx.o [1]
  .text              ro code   0x801'341c       0x4  startup_stm32f407xx.o [1]
  .text              ro code   0x801'3420       0x4  startup_stm32f407xx.o [1]
  .text              ro code   0x801'3424       0x4  startup_stm32f407xx.o [1]
  .text              ro code   0x801'3428       0x4  startup_stm32f407xx.o [1]
  .text              ro code   0x801'342c       0x4  startup_stm32f407xx.o [1]
  .text              ro code   0x801'3430       0x4  startup_stm32f407xx.o [1]
  .text              ro code   0x801'3434       0x4  startup_stm32f407xx.o [1]
  .text              ro code   0x801'3438       0x4  startup_stm32f407xx.o [1]
  .text              ro code   0x801'343c       0x4  startup_stm32f407xx.o [1]
  .text              ro code   0x801'3440       0x4  startup_stm32f407xx.o [1]
  .text              ro code   0x801'3444       0x4  startup_stm32f407xx.o [1]
  .text              ro code   0x801'3448       0x4  startup_stm32f407xx.o [1]
  .text              ro code   0x801'344c       0x4  startup_stm32f407xx.o [1]
  .text              ro code   0x801'3450       0x4  startup_stm32f407xx.o [1]
  .rodata            const     0x801'3454       0x0  zero_init3.o [10]
  .rodata            const     0x801'3454       0x0  lz77_init_single.o [10]
  Initializer bytes  const     0x801'3454      0x95  <for P2-1>
                             - 0x801'34e9  0x1'3361

"P2", part 1 of 3:                            0xb9e
  P2-1                        0x2000'0000     0xb9e  <Init block>
    .data            inited   0x2000'0000     0xa34  main.o [2]
    .data            inited   0x2000'0a34      0x50  main.o [2]
    .data            inited   0x2000'0a84       0xc  port.o [5]
    .data            inited   0x2000'0a90       0xc  stm32f4xx_hal.o [4]
    .data            inited   0x2000'0a9c       0x4  system_stm32f4xx.o [3]
    .data            inited   0x2000'0aa0      0x1c  tcp.o [6]
    .data            inited   0x2000'0abc       0x8  udp.o [6]
    .data            inited   0x2000'0ac4       0x8  rand.o [8]
    .data            inited   0x2000'0acc      0x38  xlocale_c.o [8]
    .data            inited   0x2000'0b04      0x48  xlocale_c.o [8]
    .data            inited   0x2000'0b4c      0x48  xfiles.o [8]
    .data            inited   0x2000'0b94       0x8  XShttio.o [8]
    .data            inited   0x2000'0b9c       0x2  tcp.o [6]
                            - 0x2000'0b9e     0xb9e

"P2", part 2 of 3:                         0x1'ae50
  .bss               zero     0x2000'0ba0    0x8204  memp.o [6]
  .bss               zero     0x2000'8da4    0x7d18  heap_4.o [5]
  .bss               zero     0x2001'0abc    0x30ec  ethernetif.o [2]
  .bss               zero     0x2001'3ba8    0x2824  mem.o [6]
  .bss               zero     0x2001'63cc    0x1c88  main.o [2]
  .bss               zero     0x2001'8054    0x1630  main.o [2]
  .bss               zero     0x2001'9684     0x61c  memp.o [6]
  .bss               zero     0x2001'9ca0     0x460  cmsis_os2.o [5]
  .bss               zero     0x2001'a100     0x460  tasks.o [5]
  .bss               zero     0x2001'a560     0x404  memp.o [6]
  .bss               zero     0x2001'a964     0x260  cmsis_os2.o [5]
  .bss               zero     0x2001'abc4     0x16c  memp.o [6]
  .bss               zero     0x2001'ad30     0x12c  timers.o [5]
  .bss               zero     0x2001'ae5c     0x104  memp.o [6]
  .bss               zero     0x2001'af60     0x100  main.o [2]
  .bss               zero     0x2001'b060      0xf0  etharp.o [6]
  .bss               zero     0x2001'b150      0xe4  memp.o [6]
  .bss               zero     0x2001'b234      0xa4  memp.o [6]
  .bss               zero     0x2001'b2d8      0xa4  memp.o [6]
  .bss               zero     0x2001'b37c      0xa0  tasks.o [5]
  .bss               zero     0x2001'b41c      0x84  memp.o [6]
  .bss               zero     0x2001'b4a0      0x84  memp.o [6]
  .bss               zero     0x2001'b524      0x84  memp.o [6]
  .bss               zero     0x2001'b5a8      0x84  rand.o [8]
  .bss               zero     0x2001'b62c      0x7c  lwip.o [2]
  .bss               zero     0x2001'b6a8      0x50  xfiles.o [8]
  .bss               zero     0x2001'b6f8      0x48  main.o [2]
  .bss               zero     0x2001'b740      0x40  main.o [2]
  .bss               zero     0x2001'b780      0x40  main.o [2]
  .bss               zero     0x2001'b7c0      0x40  main.o [2]
  .bss               zero     0x2001'b800      0x40  queue.o [5]
  .bss               zero     0x2001'b840      0x40  sockets.o [6]
  .bss               zero     0x2001'b880      0x40  stm32f4xx_hal_timebase_tim.o [2]
  .bss               zero     0x2001'b8c0      0x38  tcp_in.o [6]
  .bss               zero     0x2001'b8f8      0x34  memp.o [6]
  .bss               zero     0x2001'b92c      0x24  memp.o [6]
  .bss               zero     0x2001'b950      0x18  ip.o [6]
  .bss               zero     0x2001'b968      0x10  tcpip.o [6]
  .bss               zero     0x2001'b978       0xc  netif.o [6]
  .bss               zero     0x2001'b984       0x8  ip4_frag.o [6]
  .bss               zero     0x2001'b98c       0x8  main.o [2]
  .bss               zero     0x2001'b994       0x8  timeouts.o [6]
  .bss               zero     0x2001'b99c       0x4  cmsis_os2.o [5]
  .bss               zero     0x2001'b9a0       0x4  memp.o [6]
  .bss               zero     0x2001'b9a4       0x4  memp.o [6]
  .bss               zero     0x2001'b9a8       0x4  memp.o [6]
  .bss               zero     0x2001'b9ac       0x4  memp.o [6]
  .bss               zero     0x2001'b9b0       0x4  memp.o [6]
  .bss               zero     0x2001'b9b4       0x4  memp.o [6]
  .bss               zero     0x2001'b9b8       0x4  memp.o [6]
  .bss               zero     0x2001'b9bc       0x4  memp.o [6]
  .bss               zero     0x2001'b9c0       0x4  memp.o [6]
  .bss               zero     0x2001'b9c4       0x4  memp.o [6]
  .bss               zero     0x2001'b9c8       0x4  memp.o [6]
  .bss               zero     0x2001'b9cc       0x4  memp.o [6]
  .bss               zero     0x2001'b9d0       0x4  memp.o [6]
  .bss               zero     0x2001'b9d4       0x4  sockets.o [6]
  .bss               zero     0x2001'b9d8       0x4  sys_arch.o [6]
  .bss               zero     0x2001'b9dc       0x4  sys_arch.o [6]
  .bss               zero     0x2001'b9e0       0x4  timeouts.o [6]
  .bss               zero     0x2001'b9e4       0x4  xfail_s.o [8]
  .bss               zero     0x2001'b9e8       0x2  ip4.o [6]
  .bss               zero     0x2001'b9ea       0x1  etharp.o [6]
  .bss               zero     0x2001'b9eb       0x1  pbuf.o [6]
  .bss               zero     0x2001'b9ec       0x1  tcp.o [6]
                            - 0x2001'b9ed  0x1'ae4d

"P2", part 3 of 3:                           0x4000
  CSTACK                      0x2001'b9f0    0x4000  <Block>
    CSTACK           uninit   0x2001'b9f0    0x4000  <Block tail>
                            - 0x2001'f9f0    0x4000

Unused ranges:

         From           To      Size
         ----           --      ----
   0x801'34e9   0x80f'ffff  0xe'cb17
  0x2000'0b9e  0x2000'0b9f       0x2
  0x2001'f9f0  0x2001'ffff     0x610


*******************************************************************************
*** INIT TABLE
***

          Address      Size
          -------      ----
Zero (__iar_zero_init3)
    1 destination range, total size 0x1'ae4d:
          0x2000'0ba0  0x1'ae4d

Copy/lz77 (__iar_lz77_init_single3)
    1 source range, total size 0x95 (5% of destination):
           0x801'3454      0x95
    1 destination range, total size 0xb9e:
          0x2000'0000     0xb9e



*******************************************************************************
*** MODULE SUMMARY
***

    Module                        ro code  ro data  rw data
    ------                        -------  -------  -------
command line/config:
    -------------------------------------------------------
    Total:

E:\Users\GitHub_Backup\WorkProjects\STM32\humidity\16Sensors\UDP_Server_final-16sensors\EWARM\code_rev1\Obj\Application\EWARM: [1]
    startup_stm32f407xx.o             700
    -------------------------------------------------------
    Total:                            700

E:\Users\GitHub_Backup\WorkProjects\STM32\humidity\16Sensors\UDP_Server_final-16sensors\EWARM\code_rev1\Obj\Application\User: [2]
    ethernetif.o                    1'262      148   12'524
    freertos.o                          6
    lwip.o                            280               124
    main.o                          4'296      234   16'204
    printf.o                          448
    stm32f4xx_hal_msp.o               600
    stm32f4xx_hal_timebase_tim.o      124                64
    stm32f4xx_it.o                    228
    -------------------------------------------------------
    Total:                          7'244      382   28'916

E:\Users\GitHub_Backup\WorkProjects\STM32\humidity\16Sensors\UDP_Server_final-16sensors\EWARM\code_rev1\Obj\Drivers\CMSIS: [3]
    system_stm32f4xx.o                 44        8        4
    -------------------------------------------------------
    Total:                             44        8        4

E:\Users\GitHub_Backup\WorkProjects\STM32\humidity\16Sensors\UDP_Server_final-16sensors\EWARM\code_rev1\Obj\Drivers\STM32F4xx_HAL_Driver: [4]
    stm32f4xx_hal.o                   120        1       12
    stm32f4xx_hal_cortex.o            184
    stm32f4xx_hal_eth.o             2'316
    stm32f4xx_hal_gpio.o              512
    stm32f4xx_hal_rcc.o             1'264
    stm32f4xx_hal_tim.o             1'562
    stm32f4xx_hal_tim_ex.o            144
    stm32f4xx_ll_gpio.o               238
    stm32f4xx_ll_rcc.o                184
    stm32f4xx_ll_usart.o              268
    -------------------------------------------------------
    Total:                          6'792        1       12

E:\Users\GitHub_Backup\WorkProjects\STM32\humidity\16Sensors\UDP_Server_final-16sensors\EWARM\code_rev1\Obj\Middlewares\FreeRTOS: [5]
    cmsis_os2.o                     1'656             1'732
    heap_4.o                          424            32'024
    list.o                            146
    port.o                            494        1       12
    portasm.o                         176
    queue.o                         2'408                64
    tasks.o                         2'176             1'280
    timers.o                          856               300
    -------------------------------------------------------
    Total:                          8'336        1   35'412

E:\Users\GitHub_Backup\WorkProjects\STM32\humidity\16Sensors\UDP_Server_final-16sensors\EWARM\code_rev1\Obj\Middlewares\LwIP: [6]
    api_lib.o                       1'716      436
    api_msg.o                       4'080      780
    def.o                              38
    err.o                              28       68
    etharp.o                        1'964      568      241
    ethernet.o                        272      240
    icmp.o                            432      332
    init.o                             38
    ip.o                                                 24
    ip4.o                             756      228        2
    ip4_addr.o                        384      188
    ip4_frag.o                      2'164      312        8
    mem.o                           1'360      476   10'276
    memp.o                            364      420   37'592
    netbuf.o                          204      212
    netif.o                           960      404       12
    pbuf.o                          2'200      700        1
    sockets.o                       2'436      488       68
    sys_arch.o                        396                 8
    tcp.o                           4'588    1'246       31
    tcp_in.o                        5'112      712       56
    tcp_out.o                       5'204    1'380
    tcpip.o                           596      248       16
    timeouts.o                        436      300       12
    udp.o                           1'888      405        8
    -------------------------------------------------------
    Total:                         37'616   10'143   48'355

E:\Users\GitHub_Backup\WorkProjects\STM32\humidity\16Sensors\UDP_Server_final-16sensors\EWARM\code_rev1\Obj\Middlewares\modbusTcpServer\src: [7]
    -------------------------------------------------------
    Total:

dl7M_tlf.a: [8]
    XShttio.o                           8                 8
    abort.o                             6
    exit.o                              4
    islower.o                          20
    isspace.o                          20
    low_level_init.o                    4
    printf.o                           40
    putchar.o                          68
    rand.o                            156               140
    strcat.o                           30
    xfail_s.o                          64                 4
    xfiles.o                                     4      152
    xlocale_c.o                        52       11      128
    xprintffull_nomb.o              3'786
    xprout.o                           22
    -------------------------------------------------------
    Total:                          4'280       15      432

m7M_tls.a: [9]
    DblAddSub.o                       590
    DblCmpGe.o                         52
    DblCmpLe.o                         52
    DblDiv.o                          582
    DblMul.o                          426
    DblToS32.o                         54
    DblToU32.o                         34
    S32ToDbl.o                         34
    U32ToDbl.o                         28
    fpinit_M.o                         34
    frexp.o                           112
    ldexp.o                           314
    -------------------------------------------------------
    Total:                          2'312

rt7M_tl.a: [10]
    ABImemclr.o                         6
    ABImemclr4.o                        6
    ABImemcpy_small.o                  24
    ABImemset48.o                      58
    ABImemset_small.o                  18
    I64DivMod_small.o                 262
    I64DivZer.o                         2
    cexit.o                            10
    cmain.o                            30
    cstartup_M.o                       28
    data_init.o                        40
    lz77_init_single.o                126
    memchr.o                           88
    memcmp_small.o                     30
    memset.o                           20
    strchr.o                           22
    strcmp.o                           18
    strlen_small.o                     20
    zero_init3.o                       56
    -------------------------------------------------------
    Total:                            864

shb_l.a: [11]
    dwrite.o                           30
    exit.o                             20
    iarttio.o                         124
    iarwrite.o                         34
    iarwstd.o                          32
    write.o                            16
    -------------------------------------------------------
    Total:                            256

    Gaps                               51        4
    Linker created                              32   16'384
-----------------------------------------------------------
    Grand Total:                   68'495   10'586  129'515


*******************************************************************************
*** ENTRY LIST
***

Entry                       Address    Size  Type      Object
-----                       -------    ----  ----      ------
.iar.init_table$$Base    0x801'31cc           --   Gb  - Linker created -
.iar.init_table$$Limit   0x801'31ec           --   Gb  - Linker created -
?main                    0x801'31ed          Code  Gb  cmain.o [10]
ADC_IRQHandler           0x801'3375          Code  Wk  startup_stm32f407xx.o [1]
AHBPrescTable            0x801'3170    0x10  Data  Gb  system_stm32f4xx.o [3]
APBPrescTable            0x801'3324     0x8  Data  Gb  system_stm32f4xx.o [3]
BusFault_Handler         0x801'2ced     0x8  Code  Gb  stm32f4xx_it.o [2]
CAN1_RX0_IRQHandler      0x801'337d          Code  Wk  startup_stm32f407xx.o [1]
CAN1_RX1_IRQHandler      0x801'3381          Code  Wk  startup_stm32f407xx.o [1]
CAN1_SCE_IRQHandler      0x801'3385          Code  Wk  startup_stm32f407xx.o [1]
CAN1_TX_IRQHandler       0x801'3379          Code  Wk  startup_stm32f407xx.o [1]
CAN2_RX0_IRQHandler      0x801'3411          Code  Wk  startup_stm32f407xx.o [1]
CAN2_RX1_IRQHandler      0x801'3415          Code  Wk  startup_stm32f407xx.o [1]
CAN2_SCE_IRQHandler      0x801'3419          Code  Wk  startup_stm32f407xx.o [1]
CAN2_TX_IRQHandler       0x801'340d          Code  Wk  startup_stm32f407xx.o [1]
CSTACK$$Base            0x2001'b9f0           --   Gb  - Linker created -
CSTACK$$Limit           0x2001'f9f0           --   Gb  - Linker created -
DCMI_IRQHandler          0x801'3449          Code  Wk  startup_stm32f407xx.o [1]
DMA1_Stream0_IRQHandler
                         0x801'335d          Code  Wk  startup_stm32f407xx.o [1]
DMA1_Stream1_IRQHandler
                         0x801'2d01     0x2  Code  Gb  stm32f4xx_it.o [2]
DMA1_Stream2_IRQHandler
                         0x801'3361          Code  Wk  startup_stm32f407xx.o [1]
DMA1_Stream3_IRQHandler
                         0x801'3365          Code  Wk  startup_stm32f407xx.o [1]
DMA1_Stream4_IRQHandler
                         0x801'3369          Code  Wk  startup_stm32f407xx.o [1]
DMA1_Stream5_IRQHandler
                         0x801'336d          Code  Wk  startup_stm32f407xx.o [1]
DMA1_Stream6_IRQHandler
                         0x801'3371          Code  Wk  startup_stm32f407xx.o [1]
DMA1_Stream7_IRQHandler
                         0x801'33d5          Code  Wk  startup_stm32f407xx.o [1]
DMA2_Stream0_IRQHandler
                         0x801'33f5          Code  Wk  startup_stm32f407xx.o [1]
DMA2_Stream1_IRQHandler
                         0x801'33f9          Code  Wk  startup_stm32f407xx.o [1]
DMA2_Stream2_IRQHandler
                         0x801'33fd          Code  Wk  startup_stm32f407xx.o [1]
DMA2_Stream3_IRQHandler
                         0x801'3401          Code  Wk  startup_stm32f407xx.o [1]
DMA2_Stream4_IRQHandler
                         0x801'3405          Code  Wk  startup_stm32f407xx.o [1]
DMA2_Stream5_IRQHandler
                         0x801'3421          Code  Wk  startup_stm32f407xx.o [1]
DMA2_Stream6_IRQHandler
                         0x801'3425          Code  Wk  startup_stm32f407xx.o [1]
DMA2_Stream7_IRQHandler
                         0x801'3429          Code  Wk  startup_stm32f407xx.o [1]
DMARxDscrTab            0x2001'0b08    0x80  Data  Gb  ethernetif.o [2]
DMATxDscrTab            0x2001'0b88    0x80  Data  Gb  ethernetif.o [2]
DebugMon_Handler         0x801'2cfd     0x4  Code  Gb  stm32f4xx_it.o [2]
Difference              0x2001'afe0    0x40  Data  Gb  main.o [2]
ETH_Delay                0x800'b7db    0x24  Code  Lc  stm32f4xx_hal_eth.o [4]
ETH_FlushTransmitFIFO    0x800'b7b7    0x24  Code  Lc  stm32f4xx_hal_eth.o [4]
ETH_IRQHandler           0x801'2d85     0x6  Code  Gb  stm32f4xx_it.o [2]
ETH_MACDMAConfig         0x800'b6c3    0xee  Code  Lc  stm32f4xx_hal_eth.o [4]
ETH_WKUP_IRQHandler      0x801'3409          Code  Wk  startup_stm32f407xx.o [1]
EXTI0_IRQHandler         0x801'3349          Code  Wk  startup_stm32f407xx.o [1]
EXTI15_10_IRQHandler     0x801'33b9          Code  Wk  startup_stm32f407xx.o [1]
EXTI1_IRQHandler         0x801'334d          Code  Wk  startup_stm32f407xx.o [1]
EXTI2_IRQHandler         0x801'3351          Code  Wk  startup_stm32f407xx.o [1]
EXTI3_IRQHandler         0x801'3355          Code  Wk  startup_stm32f407xx.o [1]
EXTI4_IRQHandler         0x801'3359          Code  Wk  startup_stm32f407xx.o [1]
EXTI9_5_IRQHandler       0x801'3389          Code  Wk  startup_stm32f407xx.o [1]
FLASH_IRQHandler         0x801'3341          Code  Wk  startup_stm32f407xx.o [1]
FPU_IRQHandler           0x801'3451          Code  Wk  startup_stm32f407xx.o [1]
FSMC_IRQHandler          0x801'33d9          Code  Wk  startup_stm32f407xx.o [1]
Freq_CalHandle          0x2001'b73c     0x4  Data  Gb  main.o [2]
Freq_Cal_attributes      0x801'3000    0x24  Data  Gb  main.o [2]
Freq_Cal_entry           0x800'd919   0x308  Code  Gb  main.o [2]
GATEWAY_ADDRESS         0x2001'b668     0x4  Data  Gb  lwip.o [2]
HAL_Delay                0x800'c145    0x28  Code  Wk  stm32f4xx_hal.o [4]
HAL_ETH_ConfigMAC        0x800'b59f   0x124  Code  Gb  stm32f4xx_hal_eth.o [4]
HAL_ETH_DMARxDescListInit
                         0x800'b16d    0x88  Code  Gb  stm32f4xx_hal_eth.o [4]
HAL_ETH_DMATxDescListInit
                         0x800'b0f3    0x7a  Code  Gb  stm32f4xx_hal_eth.o [4]
HAL_ETH_ErrorCallback    0x800'c16f     0x2  Code  Wk  stm32f4xx_hal_eth.o [4]
HAL_ETH_GetReceivedFrame_IT
                         0x800'b2df    0x6a  Code  Gb  stm32f4xx_hal_eth.o [4]
HAL_ETH_IRQHandler       0x800'b369    0x54  Code  Gb  stm32f4xx_hal_eth.o [4]
HAL_ETH_Init             0x800'af39   0x1a6  Code  Gb  stm32f4xx_hal_eth.o [4]
HAL_ETH_MspInit          0x800'9535    0xec  Code  Gb  ethernetif.o [2]
HAL_ETH_ReadPHYRegister
                         0x800'b3c9    0x78  Code  Gb  stm32f4xx_hal_eth.o [4]
HAL_ETH_RxCpltCallback   0x800'9639     0xa  Code  Gb  ethernetif.o [2]
HAL_ETH_Start            0x800'b4bb    0x5e  Code  Gb  stm32f4xx_hal_eth.o [4]
HAL_ETH_Stop             0x800'b525    0x5a  Code  Gb  stm32f4xx_hal_eth.o [4]
HAL_ETH_TransmitFrame    0x800'b1f5    0xea  Code  Gb  stm32f4xx_hal_eth.o [4]
HAL_ETH_TxCpltCallback   0x800'c16d     0x2  Code  Wk  stm32f4xx_hal_eth.o [4]
HAL_ETH_WritePHYRegister
                         0x800'b441    0x66  Code  Gb  stm32f4xx_hal_eth.o [4]
HAL_GPIO_Init            0x800'ac81   0x1c0  Code  Gb  stm32f4xx_hal_gpio.o [4]
HAL_GPIO_ReadPin         0x800'ae41     0xc  Code  Gb  stm32f4xx_hal_gpio.o [4]
HAL_GPIO_WritePin        0x800'ae4d     0x8  Code  Gb  stm32f4xx_hal_gpio.o [4]
HAL_GetTick              0x800'b841     0xc  Code  Wk  stm32f4xx_hal.o [4]
HAL_IncTick              0x800'ef61    0x10  Code  Wk  stm32f4xx_hal.o [4]
HAL_Init                 0x800'dd01    0x30  Code  Gb  stm32f4xx_hal.o [4]
HAL_InitTick             0x800'c325    0x6c  Code  Gb  stm32f4xx_hal_timebase_tim.o [2]
HAL_MspInit              0x800'c9bd    0x3c  Code  Gb  stm32f4xx_hal_msp.o [2]
HAL_NVIC_EnableIRQ       0x800'aeef    0x16  Code  Gb  stm32f4xx_hal_cortex.o [4]
HAL_NVIC_SetPriority     0x800'aeb5    0x3a  Code  Gb  stm32f4xx_hal_cortex.o [4]
HAL_NVIC_SetPriorityGrouping
                         0x800'ae9b    0x1a  Code  Gb  stm32f4xx_hal_cortex.o [4]
HAL_NVIC_SystemReset     0x800'af05    0x1a  Code  Gb  stm32f4xx_hal_cortex.o [4]
HAL_RCC_ClockConfig      0x800'bfc9   0x100  Code  Gb  stm32f4xx_hal_rcc.o [4]
HAL_RCC_GetClockConfig   0x800'c0f1    0x36  Code  Gb  stm32f4xx_hal_rcc.o [4]
HAL_RCC_GetHCLKFreq      0x800'c0d5     0x6  Code  Gb  stm32f4xx_hal_rcc.o [4]
HAL_RCC_GetPCLK1Freq     0x800'c0db    0x10  Code  Gb  stm32f4xx_hal_rcc.o [4]
HAL_RCC_GetSysClockFreq
                         0x800'c2c5    0x60  Code  Wk  stm32f4xx_hal_rcc.o [4]
HAL_RCC_OscConfig        0x800'dfbd   0x314  Code  Wk  stm32f4xx_hal_rcc.o [4]
HAL_TIMEx_BreakCallback
                         0x800'dce3     0x2  Code  Wk  stm32f4xx_hal_tim_ex.o [4]
HAL_TIMEx_CommutCallback
                         0x800'dce7     0x2  Code  Wk  stm32f4xx_hal_tim_ex.o [4]
HAL_TIMEx_MasterConfigSynchronization
                         0x800'df31    0x6e  Code  Gb  stm32f4xx_hal_tim_ex.o [4]
HAL_TIM_Base_Init        0x800'c3a9    0x1a  Code  Gb  stm32f4xx_hal_tim.o [4]
HAL_TIM_Base_MspInit     0x800'c9f9   0x1a4  Code  Gb  stm32f4xx_hal_msp.o [2]
HAL_TIM_Base_Start_IT    0x800'c3c3    0x20  Code  Gb  stm32f4xx_hal_tim.o [4]
HAL_TIM_ConfigClockSource
                         0x800'c6ff    0x90  Code  Gb  stm32f4xx_hal_tim.o [4]
HAL_TIM_IC_CaptureCallback
                         0x800'd26d   0x406  Code  Gb  main.o [2]
HAL_TIM_IC_ConfigChannel
                         0x800'c5d7    0xf4  Code  Gb  stm32f4xx_hal_tim.o [4]
HAL_TIM_IC_Init          0x800'c45b    0x1a  Code  Gb  stm32f4xx_hal_tim.o [4]
HAL_TIM_IC_MspInit       0x800'cc15     0x2  Code  Wk  stm32f4xx_hal_tim.o [4]
HAL_TIM_IC_Start_IT      0x800'c485     0xa  Code  Gb  stm32f4xx_hal_tim.o [4]
HAL_TIM_IRQHandler       0x800'c48f   0x142  Code  Gb  stm32f4xx_hal_tim.o [4]
HAL_TIM_OC_DelayElapsedCallback
                         0x800'dce1     0x2  Code  Wk  stm32f4xx_hal_tim.o [4]
HAL_TIM_PWM_PulseFinishedCallback
                         0x800'dce9     0x2  Code  Wk  stm32f4xx_hal_tim.o [4]
HAL_TIM_PeriodElapsedCallback
                         0x800'dc49     0xe  Code  Gb  main.o [2]
HAL_TIM_ReadCapturedValue
                         0x800'c7bb    0x2c  Code  Gb  stm32f4xx_hal_tim.o [4]
HAL_TIM_TriggerCallback
                         0x800'dce5     0x2  Code  Wk  stm32f4xx_hal_tim.o [4]
HASH_RNG_IRQHandler      0x801'344d          Code  Wk  startup_stm32f407xx.o [1]
HardFault_Handler        0x801'2cdd     0x8  Code  Gb  stm32f4xx_it.o [2]
I2C1_ER_IRQHandler       0x801'339d          Code  Wk  startup_stm32f407xx.o [1]
I2C1_EV_IRQHandler       0x801'3399          Code  Wk  startup_stm32f407xx.o [1]
I2C2_ER_IRQHandler       0x801'33a5          Code  Wk  startup_stm32f407xx.o [1]
I2C2_EV_IRQHandler       0x801'33a1          Code  Wk  startup_stm32f407xx.o [1]
I2C3_ER_IRQHandler       0x801'3435          Code  Wk  startup_stm32f407xx.o [1]
I2C3_EV_IRQHandler       0x801'3431          Code  Wk  startup_stm32f407xx.o [1]
IC_Val1                 0x2001'af60    0x40  Data  Gb  main.o [2]
IC_Val2                 0x2001'afa0    0x40  Data  Gb  main.o [2]
IP_ADDRESS              0x2001'b660     0x4  Data  Gb  lwip.o [2]
Idle_Stack              0x2001'a9c4   0x200  Data  Lc  cmsis_os2.o [5]
Idle_TCB                0x2001'a964    0x60  Data  Lc  cmsis_os2.o [5]
Is_First_Captured       0x2001'b020    0x40  Data  Gb  main.o [2]
KernelState             0x2001'b99c     0x4  Data  Lc  cmsis_os2.o [5]
LL_AHB1_GRP1_EnableClock
                         0x800'cc69    0x18  Code  Lc  main.o [2]
LL_GPIO_Init             0x800'dd35    0xee  Code  Gb  stm32f4xx_ll_gpio.o [4]
LL_RCC_GetSystemClocksFreq
                         0x800'ef71    0x20  Code  Gb  stm32f4xx_ll_rcc.o [4]
LL_USART_Init            0x800'de25    0xe2  Code  Gb  stm32f4xx_ll_usart.o [4]
MX_LWIP_Init             0x800'e4b1    0xfa  Code  Gb  lwip.o [2]
MemManage_Handler        0x801'2ce5     0x8  Code  Gb  stm32f4xx_it.o [2]
NETMASK_ADDRESS         0x2001'b664     0x4  Data  Gb  lwip.o [2]
NMI_Handler              0x801'2cd9     0x4  Code  Gb  stm32f4xx_it.o [2]
NVIC_EncodePriority      0x800'cc37    0x32  Code  Lc  main.o [2]
Netif_LinkSemaphore     0x2001'b698     0x4  Data  Gb  lwip.o [2]
OTG_FS_IRQHandler        0x801'341d          Code  Wk  startup_stm32f407xx.o [1]
OTG_FS_WKUP_IRQHandler   0x801'33c1          Code  Wk  startup_stm32f407xx.o [1]
OTG_HS_EP1_IN_IRQHandler
                         0x801'343d          Code  Wk  startup_stm32f407xx.o [1]
OTG_HS_EP1_OUT_IRQHandler
                         0x801'3439          Code  Wk  startup_stm32f407xx.o [1]
OTG_HS_IRQHandler        0x801'3445          Code  Wk  startup_stm32f407xx.o [1]
OTG_HS_WKUP_IRQHandler   0x801'3441          Code  Wk  startup_stm32f407xx.o [1]
PVD_IRQHandler           0x801'3335          Code  Wk  startup_stm32f407xx.o [1]
PendSV_Handler           0x800'c215          Code  Gb  portasm.o [5]
RCC_GetHCLKClockFreq     0x800'efad     0xc  Code  Gb  stm32f4xx_ll_rcc.o [4]
RCC_GetPCLK1ClockFreq    0x800'efb9     0xa  Code  Gb  stm32f4xx_ll_rcc.o [4]
RCC_GetPCLK2ClockFreq    0x800'efc9     0xc  Code  Gb  stm32f4xx_ll_rcc.o [4]
RCC_GetSystemClockFreq   0x800'ef91    0x1c  Code  Gb  stm32f4xx_ll_rcc.o [4]
RCC_IRQHandler           0x801'3345          Code  Wk  startup_stm32f407xx.o [1]
RCC_PLL_GetFreqDomain_SYS
                         0x800'efd5    0x3c  Code  Gb  stm32f4xx_ll_rcc.o [4]
RTC_Alarm_IRQHandler     0x801'33bd          Code  Wk  startup_stm32f407xx.o [1]
RTC_WKUP_IRQHandler      0x801'333d          Code  Wk  startup_stm32f407xx.o [1]
Region$$Table$$Base      0x801'31cc           --   Gb  - Linker created -
Region$$Table$$Limit     0x801'31ec           --   Gb  - Linker created -
Reset_Handler            0x801'3265          Code  Wk  startup_stm32f407xx.o [1]
Rx_Buff                 0x2001'0c08  0x17d0  Data  Gb  ethernetif.o [2]
SDIO_IRQHandler          0x801'33dd          Code  Wk  startup_stm32f407xx.o [1]
SPI1_IRQHandler          0x801'33a9          Code  Wk  startup_stm32f407xx.o [1]
SPI2_IRQHandler          0x801'33ad          Code  Wk  startup_stm32f407xx.o [1]
SPI3_IRQHandler          0x801'33e1          Code  Wk  startup_stm32f407xx.o [1]
SVC_Handler              0x800'c26d          Code  Gb  portasm.o [5]
SysTick_Handler          0x800'bbd9    0x26  Code  Gb  port.o [5]
SystemClock_Config       0x800'd1d3    0x92  Code  Gb  main.o [2]
SystemCoreClock         0x2000'0a9c     0x4  Data  Gb  system_stm32f4xx.o [3]
SystemInit               0x801'3155    0x14  Code  Gb  system_stm32f4xx.o [3]
TAMP_STAMP_IRQHandler    0x801'3339          Code  Wk  startup_stm32f407xx.o [1]
TIM1_BRK_TIM9_IRQHandler
                         0x801'338d          Code  Wk  startup_stm32f407xx.o [1]
TIM1_CC_IRQHandler       0x801'2d03     0x6  Code  Gb  stm32f4xx_it.o [2]
TIM1_TRG_COM_TIM11_IRQHandler
                         0x801'3395          Code  Wk  startup_stm32f407xx.o [1]
TIM1_UP_TIM10_IRQHandler
                         0x801'3391          Code  Wk  startup_stm32f407xx.o [1]
TIM2_IRQHandler          0x801'2d09     0x6  Code  Gb  stm32f4xx_it.o [2]
TIM3_IRQHandler          0x801'2d0f     0x6  Code  Gb  stm32f4xx_it.o [2]
TIM4_IRQHandler          0x801'2d15     0x6  Code  Gb  stm32f4xx_it.o [2]
TIM5_IRQHandler          0x801'2d77     0xe  Code  Gb  stm32f4xx_it.o [2]
TIM6_DAC_IRQHandler      0x801'33ed          Code  Wk  startup_stm32f407xx.o [1]
TIM7_IRQHandler          0x801'33f1          Code  Wk  startup_stm32f407xx.o [1]
TIM8_BRK_TIM12_IRQHandler
                         0x801'33c5          Code  Wk  startup_stm32f407xx.o [1]
TIM8_CC_IRQHandler       0x801'33d1          Code  Wk  startup_stm32f407xx.o [1]
TIM8_TRG_COM_TIM14_IRQHandler
                         0x801'33cd          Code  Wk  startup_stm32f407xx.o [1]
TIM8_UP_TIM13_IRQHandler
                         0x801'33c9          Code  Wk  startup_stm32f407xx.o [1]
TIM_Base_SetConfig       0x800'c7e7    0x96  Code  Gb  stm32f4xx_hal_tim.o [4]
TIM_CCxChannelCmd        0x800'c99f    0x16  Code  Gb  stm32f4xx_hal_tim.o [4]
TIM_ETR_SetConfig        0x800'c98b    0x14  Code  Gb  stm32f4xx_hal_tim.o [4]
TIM_ITRx_SetConfig       0x800'c97b    0x10  Code  Lc  stm32f4xx_hal_tim.o [4]
TIM_TI1_ConfigInputStage
                         0x800'c90d    0x1e  Code  Lc  stm32f4xx_hal_tim.o [4]
TIM_TI1_SetConfig        0x800'c87d    0x5e  Code  Gb  stm32f4xx_hal_tim.o [4]
TIM_TI2_ConfigInputStage
                         0x800'c957    0x24  Code  Lc  stm32f4xx_hal_tim.o [4]
TIM_TI2_SetConfig        0x800'c92b    0x2c  Code  Lc  stm32f4xx_hal_tim.o [4]
Timer_Stack             0x2001'9d00   0x400  Data  Lc  cmsis_os2.o [5]
Timer_TCB               0x2001'9ca0    0x60  Data  Lc  cmsis_os2.o [5]
Tx_Buff                 0x2001'23d8  0x17d0  Data  Gb  ethernetif.o [2]
UART4_IRQHandler         0x801'33e5          Code  Wk  startup_stm32f407xx.o [1]
UART5_IRQHandler         0x801'33e9          Code  Wk  startup_stm32f407xx.o [1]
USART1_IRQHandler        0x801'33b1          Code  Wk  startup_stm32f407xx.o [1]
USART2_IRQHandler        0x801'33b5          Code  Wk  startup_stm32f407xx.o [1]
USART3_IRQHandler        0x801'2d1b    0x5c  Code  Gb  stm32f4xx_it.o [2]
USART6_IRQHandler        0x801'342d          Code  Wk  startup_stm32f407xx.o [1]
UsageFault_Handler       0x801'2cf5     0x8  Code  Gb  stm32f4xx_it.o [2]
WWDG_IRQHandler          0x801'3331          Code  Wk  startup_stm32f407xx.o [1]
_LC                      0x800'680d     0x6  Code  Lc  xprintffull_nomb.o [8]
_LitobFullNoMb           0x800'74f5   0x114  Code  Lc  xprintffull_nomb.o [8]
_LocaleC_islower         0x800'8d59     0x4  Code  Gb  xlocale_c.o [8]
_LocaleC_isspace         0x800'8d67    0x14  Code  Gb  xlocale_c.o [8]
_Locale_lconv           0x2000'0acc    0x38  Data  Lc  xlocale_c.o [8]
_PrintfFullNoMb          0x800'6813   0xcb4  Code  Gb  xprintffull_nomb.o [8]
_Prout                   0x801'323d    0x16  Code  Gb  xprout.o [8]
_PutcharsFullNoMb        0x800'7661    0x2e  Code  Lc  xprintffull_nomb.o [8]
_Rand_idx               0x2001'b628     0x4  Data  Lc  rand.o [8]
_Rand_rv                0x2001'b5a8    0x80  Data  Lc  rand.o [8]
_Randinit               0x2000'0ac4     0x1  Data  Gb  rand.o [8]
_Randseed               0x2000'0ac8     0x4  Data  Gb  rand.o [8]
__NVIC_SetPriority       0x800'cc19    0x1e  Code  Lc  main.o [2]
__NVIC_SetPriority       0x800'ae81    0x1a  Code  Lc  stm32f4xx_hal_cortex.o [4]
__aeabi_cdcmple          0x800'84d5          Code  Gb  DblCmpLe.o [9]
__aeabi_cdrcmple         0x800'8509          Code  Gb  DblCmpGe.o [9]
__aeabi_d2iz             0x800'8679          Code  Gb  DblToS32.o [9]
__aeabi_d2uiz            0x800'8b6d          Code  Gb  DblToU32.o [9]
__aeabi_ddiv             0x800'8925          Code  Gb  DblDiv.o [9]
__aeabi_dmul             0x800'8bad          Code  Gb  DblMul.o [9]
__aeabi_dsub             0x800'8841          Code  Gb  DblAddSub.o [9]
__aeabi_i2d              0x800'86b1          Code  Gb  S32ToDbl.o [9]
__aeabi_ldiv0            0x800'9a95          Code  Gb  I64DivZer.o [10]
__aeabi_memclr           0x800'8261          Code  Gb  ABImemclr.o [10]
__aeabi_memclr4          0x800'8259          Code  Gb  ABImemclr4.o [10]
__aeabi_memset4          0x800'9a21          Code  Gb  ABImemset48.o [10]
__aeabi_memset8          0x800'9a21          Code  Gb  ABImemset48.o [10]
__aeabi_ui2d             0x800'8b91          Code  Gb  U32ToDbl.o [9]
__cmain                  0x801'31ed          Code  Gb  cmain.o [10]
__dwrite                 0x801'30bd    0x1e  Code  Gb  dwrite.o [11]
__exit                   0x800'b851    0x14  Code  Gb  exit.o [11]
__iar_Fail_s             0x800'83b9    0x1c  Code  Gb  xfail_s.o [8]
__iar_Memchr             0x800'840d          Code  Gb  memchr.o [10]
__iar_Memset4_word       0x800'9a29          Code  Gb  ABImemset48.o [10]
__iar_Memset8_word       0x800'9a29          Code  Gb  ABImemset48.o [10]
__iar_Stdout            0x2000'0b4c    0x48  Data  Gb  xfiles.o [8]
__iar_Strchr             0x800'83a1          Code  Gb  strchr.o [10]
__iar_close_ttio         0x800'c171    0x2c  Code  Gb  iarttio.o [11]
__iar_data_init3         0x801'3181    0x28  Code  Gb  data_init.o [10]
__iar_frexp              0x800'8471          Code  Gb  frexp.o [9]
__iar_frexpl             0x800'8471          Code  Gb  frexp.o [9]
__iar_get_ttio           0x800'c19d    0x4c  Code  Gb  iarttio.o [11]
__iar_globLocale        0x2000'0b04    0x48  Data  Lc  xlocale_c.o [8]
__iar_global_Locale      0x800'8d7b     0x4  Code  Gb  xlocale_c.o [8]
__iar_init_vfp           0x801'31a9          Code  Gb  fpinit_M.o [9]
__iar_ldexp64            0x800'853d          Code  Gb  ldexp.o [9]
__iar_lookup_ttioh       0x800'c3a1     0x8  Code  Gb  XShttio.o [8]
__iar_lz77_init_single3
                         0x800'38cf    0x7e  Code  Gb  lz77_init_single.o [10]
__iar_program_start      0x801'3221          Code  Gb  cstartup_M.o [10]
__iar_scalbln64          0x800'853d          Code  Gb  ldexp.o [9]
__iar_scalbn64           0x800'853d          Code  Gb  ldexp.o [9]
__iar_sh_stdout          0x801'30db    0x20  Code  Gb  iarwstd.o [11]
__iar_sh_write           0x801'30fb    0x22  Code  Gb  iarwrite.o [11]
__iar_small_Memcpy       0x800'3951          Code  Gb  ABImemcpy_small.o [10]
__iar_small_Memset       0x800'9a5d          Code  Gb  ABImemset_small.o [10]
__iar_small_Memset_word
                         0x800'9a5d          Code  Gb  ABImemset_small.o [10]
__iar_small_memcmp       0x800'9a71          Code  Gb  memcmp_small.o [10]
__iar_small_memcpy       0x800'394d          Code  Gb  ABImemcpy_small.o [10]
__iar_small_memcpy4      0x800'394d          Code  Gb  ABImemcpy_small.o [10]
__iar_small_memcpy8      0x800'394d          Code  Gb  ABImemcpy_small.o [10]
__iar_small_memset       0x800'9a5d          Code  Gb  ABImemset_small.o [10]
__iar_small_strlen       0x800'83f9          Code  Gb  strlen_small.o [10]
__iar_small_uldivmod     0x800'8d8d          Code  Gb  I64DivMod_small.o [10]
__iar_softfp___iar_frexp64
                         0x800'8465          Code  Gb  frexp.o [9]
__iar_softfp_frexp       0x800'8465          Code  Gb  frexp.o [9]
__iar_softfp_frexpl      0x800'8465          Code  Gb  frexp.o [9]
__iar_ttio_handles      0x2000'0b94     0x8  Data  Lc  XShttio.o [8]
__iar_zero_init3         0x801'311d    0x38  Code  Gb  zero_init3.o [10]
__low_level_init         0x801'320b     0x4  Code  Gb  low_level_init.o [8]
__vector_table           0x800'0000          Data  Gb  startup_stm32f407xx.o [1]
__write                  0x801'30ad    0x10  Code  Gb  write.o [11]
_call_main               0x801'31f9          Code  Gb  cmain.o [10]
_exit                    0x801'3215          Code  Gb  cexit.o [10]
abort                    0x800'9a8f     0x6  Code  Gb  abort.o [8]
ackno                   0x2001'b8ec     0x4  Data  Lc  tcp_in.o [6]
alloc_socket             0x800'e605    0x62  Code  Lc  sockets.o [6]
arp_table               0x2001'b060    0xf0  Data  Lc  etharp.o [6]
arrayToString            0x800'd6ad    0x30  Code  Gb  main.o [2]
attributes              0x2001'b66c    0x24  Data  Gb  lwip.o [2]
capture_freq            0x2001'8058   0xc80  Data  Gb  main.o [2]
configureTimerForRunTimeStats
                         0x800'bfc1     0x2  Code  Wk  freertos.o [2]
counter                 0x2000'0a34     0x1  Data  Gb  main.o [2]
current_timeout_due_time
                        0x2001'b998     0x4  Data  Lc  timeouts.o [6]
do_memp_free_pool        0x800'1d65    0x34  Code  Lc  memp.o [6]
do_memp_malloc_pool      0x800'1cfb    0x42  Code  Lc  memp.o [6]
err_tcp                  0x800'fb29    0xfe  Code  Lc  api_msg.o [6]
err_to_errno             0x800'f7a9    0x1c  Code  Gb  err.o [6]
err_to_errno_table       0x801'3024    0x44  Data  Lc  err.o [6]
errno                   0x2001'b9d8     0x4  Data  Gb  sys_arch.o [6]
etharp_cached_entry     0x2001'b9ea     0x1  Data  Lc  etharp.o [6]
etharp_cleanup_netif     0x800'42a1    0x28  Code  Gb  etharp.o [6]
etharp_find_entry        0x800'413d   0x15c  Code  Lc  etharp.o [6]
etharp_free_entry        0x800'40c5    0x20  Code  Lc  etharp.o [6]
etharp_input             0x800'42c9   0x122  Code  Gb  etharp.o [6]
etharp_output            0x800'4465   0x148  Code  Gb  etharp.o [6]
etharp_output_to_arp_index
                         0x800'43eb    0x72  Code  Lc  etharp.o [6]
etharp_query             0x800'45ad   0x130  Code  Gb  etharp.o [6]
etharp_raw               0x800'46e5    0xc8  Code  Lc  etharp.o [6]
etharp_request           0x800'47d5     0x4  Code  Gb  etharp.o [6]
etharp_request_dst       0x800'47b3    0x22  Code  Lc  etharp.o [6]
etharp_tmr               0x800'40e5    0x58  Code  Gb  etharp.o [6]
ethbroadcast             0x800'8370     0x8  Data  Gb  ethernet.o [6]
ethernet_input           0x800'8269    0x9c  Code  Gb  ethernet.o [6]
ethernet_output          0x800'8305    0x68  Code  Gb  ethernet.o [6]
ethernetif_init          0x800'97c1   0x120  Code  Gb  ethernetif.o [2]
ethernetif_input         0x800'96e1    0xde  Code  Gb  ethernetif.o [2]
ethernetif_notify_conn_changed
                         0x800'b84d     0x2  Code  Wk  ethernetif.o [2]
ethernetif_set_link      0x800'98e5    0x4a  Code  Gb  ethernetif.o [2]
ethernetif_update_config
                         0x800'992f    0x9a  Code  Gb  ethernetif.o [2]
ethzero                  0x801'331c     0x8  Data  Gb  ethernet.o [6]
event_callback           0x800'ed89   0x192  Code  Lc  sockets.o [6]
exit                     0x801'320f     0x4  Code  Gb  exit.o [8]
flags                   0x2001'b8c0     0x1  Data  Lc  tcp_in.o [6]
footer                  0x2000'057c   0x4b0  Data  Gb  main.o [2]
free_socket              0x800'e68d    0x38  Code  Lc  sockets.o [6]
frequency               0x2000'0a38    0x40  Data  Gb  main.o [2]
frequency_f             0x2001'9638    0x40  Data  Gb  main.o [2]
getRunTimeCounterValue   0x800'bfc3     0x4  Code  Wk  freertos.o [2]
get_socket               0x800'e5ef    0x14  Code  Lc  sockets.o [6]
gnetif                  0x2001'b62c    0x34  Data  Gb  lwip.o [2]
gw                      0x2001'b6a4     0x4  Data  Gb  lwip.o [2]
header                  0x2000'00cc   0x4b0  Data  Gb  main.o [2]
heth                    0x2001'0abc    0x48  Data  Gb  ethernetif.o [2]
htim1                   0x2001'b6f8    0x40  Data  Gb  main.o [2]
htim2                   0x2001'b740    0x40  Data  Gb  main.o [2]
htim3                   0x2001'b780    0x40  Data  Gb  main.o [2]
htim4                   0x2001'b7c0    0x40  Data  Gb  main.o [2]
htim5                   0x2001'b880    0x40  Data  Gb  stm32f4xx_hal_timebase_tim.o [2]
icmp_dest_unreach        0x800'677b     0x6  Code  Gb  icmp.o [6]
icmp_input               0x800'665d   0x11e  Code  Gb  icmp.o [6]
icmp_send_response       0x800'6785    0x80  Code  Lc  icmp.o [6]
icmp_time_exceeded       0x800'6781     0x4  Code  Gb  icmp.o [6]
inseg                   0x2001'b8c4    0x10  Data  Lc  tcp_in.o [6]
ip4_addr_isbroadcast_u32
                         0x800'4871    0x32  Code  Gb  ip4_addr.o [6]
ip4_frag                 0x800'4f5d   0x1c2  Code  Gb  ip4_frag.o [6]
ip4_input                0x800'1a25   0x14e  Code  Gb  ip4.o [6]
ip4_input_accept         0x800'19ff    0x26  Code  Lc  ip4.o [6]
ip4_output_if            0x800'1b73    0x28  Code  Gb  ip4.o [6]
ip4_output_if_src        0x800'1b9d    0xd0  Code  Gb  ip4.o [6]
ip4_reass                0x800'4ba5   0x35c  Code  Gb  ip4_frag.o [6]
ip4_route                0x800'199d    0x62  Code  Gb  ip4.o [6]
ip4addr_aton             0x800'48b9   0x128  Code  Gb  ip4_addr.o [6]
ip_addr_any              0x801'332c     0x4  Data  Gb  ip4_addr.o [6]
ip_data                 0x2001'b950    0x18  Data  Gb  ip.o [6]
ip_frag_free_pbuf_custom_ref
                         0x800'4f11    0x22  Code  Lc  ip4_frag.o [6]
[...]
recv_udp                 0x800'f865    0x9a  Code  Lc  api_msg.o [6]
s_xSemaphore            0x2001'0b04     0x4  Data  Gb  ethernetif.o [2]
scalbln                  0x800'853d          Code  Gb  ldexp.o [9]
scalblnl                 0x800'853d          Code  Gb  ldexp.o [9]
scalbn                   0x800'853d          Code  Gb  ldexp.o [9]
scalbnl                  0x800'853d          Code  Gb  ldexp.o [9]
scale                    0x800'7609    0x46  Code  Lc  xprintffull_nomb.o [8]
sec_hand                0x2001'b9e4     0x4  Data  Lc  xfail_s.o [8]
select_cb_list          0x2001'b9d4     0x4  Data  Lc  sockets.o [6]
selected_data           0x2001'8cd8   0x320  Data  Gb  main.o [2]
sendOutUdp              0x2000'0a36     0x1  Data  Gb  main.o [2]
sendReq                 0x2000'0a30     0x4  Data  Gb  main.o [2]
sensorNumber            0x2001'967c     0x4  Data  Gb  main.o [2]
sensorStatus            0x2001'9678     0x4  Data  Gb  main.o [2]
sent_tcp                 0x800'fabd    0x5c  Code  Lc  api_msg.o [6]
seqno                   0x2001'b8e8     0x4  Data  Lc  tcp_in.o [6]
setup_tcp                0x800'fc61    0x3a  Code  Lc  api_msg.o [6]
slave_recive            0x2001'9680     0x4  Data  Gb  main.o [2]
smsg                    0x2000'0000    0xc8  Data  Gb  main.o [2]
socketStatus            0x2000'00c8     0x1  Data  Gb  main.o [2]
sockets                 0x2001'b840    0x40  Data  Lc  sockets.o [6]
strcat                   0x800'e491    0x1e  Code  Gb  strcat.o [8]
strchr                   0x800'83a1          Code  Gb  strchr.o [10]
strcmp                   0x800'ef4d          Code  Gb  strcmp.o [10]
sys_arch_mbox_fetch      0x800'7715    0x38  Code  Gb  sys_arch.o [6]
sys_arch_mbox_tryfetch   0x800'774d     0xc  Code  Gb  sys_arch.o [6]
sys_arch_protect         0x800'7843    0x12  Code  Gb  sys_arch.o [6]
sys_arch_sem_wait        0x800'778b    0x34  Code  Gb  sys_arch.o [6]
sys_arch_unprotect       0x800'7855     0x2  Code  Gb  sys_arch.o [6]
sys_check_timeouts       0x800'81cb    0x36  Code  Gb  timeouts.o [6]
sys_init                 0x800'77e1     0xe  Code  Gb  sys_arch.o [6]
sys_mbox_free            0x800'76f1    0x14  Code  Gb  sys_arch.o [6]
sys_mbox_new             0x800'76d9    0x18  Code  Gb  sys_arch.o [6]
sys_mbox_set_invalid     0x800'7763     0x2  Code  Gb  sys_arch.o [6]
sys_mbox_trypost         0x800'7705    0x10  Code  Gb  sys_arch.o [6]
sys_mbox_valid           0x800'7761     0x2  Code  Gb  sys_arch.o [6]
sys_mutex_lock           0x800'7809     0xa  Code  Gb  sys_arch.o [6]
sys_mutex_new            0x800'77ef    0x14  Code  Gb  sys_arch.o [6]
sys_mutex_unlock         0x800'7813     0x2  Code  Gb  sys_arch.o [6]
sys_now                  0x800'98e1     0x4  Code  Gb  ethernetif.o [2]
sys_sem_free             0x800'77c5     0x6  Code  Gb  sys_arch.o [6]
sys_sem_new              0x800'7765    0x26  Code  Gb  sys_arch.o [6]
sys_sem_set_invalid      0x800'77d9     0x2  Code  Gb  sys_arch.o [6]
sys_sem_signal           0x800'77bf     0x6  Code  Gb  sys_arch.o [6]
sys_sem_valid            0x800'77cd     0x2  Code  Gb  sys_arch.o [6]
sys_thread_new           0x800'7815    0x2e  Code  Gb  sys_arch.o [6]
sys_timeout              0x800'819b    0x30  Code  Gb  timeouts.o [6]
sys_timeout_abs          0x800'80f1    0x5c  Code  Lc  timeouts.o [6]
sys_timeouts_init        0x800'8179    0x22  Code  Gb  timeouts.o [6]
sys_timeouts_sleeptime   0x800'8201    0x22  Code  Gb  timeouts.o [6]
tcp_abandon              0x800'2a65    0xd8  Code  Gb  tcp.o [6]
tcp_abort                0x800'2b59     0x4  Code  Gb  tcp.o [6]
tcp_accept               0x800'34f1     0xc  Code  Gb  tcp.o [6]
tcp_active_pcbs         0x2000'0ab0     0x4  Data  Gb  tcp.o [6]
tcp_active_pcbs_changed
                        0x2000'0aa0     0x1  Data  Gb  tcp.o [6]
tcp_alloc                0x800'3359   0x112  Code  Gb  tcp.o [6]
tcp_arg                  0x800'3477     0x6  Code  Gb  tcp.o [6]
tcp_backoff              0x800'3890    0x10  Data  Lc  tcp.o [6]
tcp_bind                 0x800'2b5d    0xa8  Code  Gb  tcp.o [6]
tcp_bound_pcbs          0x2000'0aa8     0x4  Data  Gb  tcp.o [6]
tcp_close                0x800'29a1    0x32  Code  Gb  tcp.o [6]
tcp_close_shutdown       0x800'2731   0x178  Code  Lc  tcp.o [6]
tcp_close_shutdown_fin   0x800'28a9    0x72  Code  Lc  tcp.o [6]
tcp_create_segment       0x800'019d    0xc6  Code  Lc  tcp_out.o [6]
tcp_eff_send_mss_netif   0x800'3679    0x36  Code  Gb  tcp.o [6]
tcp_enqueue_flags        0x800'0ac1   0x11a  Code  Gb  tcp_out.o [6]
tcp_err                  0x800'34c5    0x24  Code  Gb  tcp.o [6]
tcp_fasttmr              0x800'3163    0x62  Code  Gb  tcp.o [6]
tcp_free                 0x800'26d5    0x28  Code  Gb  tcp.o [6]
tcp_free_acked_segments
                         0x800'5c8d    0x9a  Code  Lc  tcp_in.o [6]
tcp_free_ooseq           0x800'373d    0x12  Code  Gb  tcp.o [6]
tcp_get_next_optbyte     0x800'648b    0x24  Code  Lc  tcp_in.o [6]
tcp_init                 0x800'26bd    0x16  Code  Gb  tcp.o [6]
tcp_input                0x800'5265   0x8ae  Code  Gb  tcp_in.o [6]
tcp_input_delayed_close
                         0x800'5bc7    0x4a  Code  Lc  tcp_in.o [6]
tcp_input_pcb           0x2001'b8f4     0x4  Data  Gb  tcp_in.o [6]
tcp_keepalive            0x800'1305    0x50  Code  Gb  tcp_out.o [6]
tcp_kill_state           0x800'32ff    0x54  Code  Lc  tcp.o [6]
tcp_listen_pcbs         0x2000'0aac     0x4  Data  Gb  tcp.o [6]
tcp_netif_ip_addr_changed
                         0x800'36e1    0x42  Code  Gb  tcp.o [6]
tcp_netif_ip_addr_changed_pcblist
                         0x800'36af    0x32  Code  Lc  tcp.o [6]
tcp_new_ip_type          0x800'3471     0x2  Code  Gb  tcp.o [6]
tcp_new_port             0x800'2d29    0x4c  Code  Lc  tcp.o [6]
tcp_next_iss             0x800'3655    0x22  Code  Gb  tcp.o [6]
tcp_next_iss::iss       0x2000'0ab8     0x4  Data  Lc  tcp.o [6]
tcp_oos_insert_segment   0x800'5c11    0x7c  Code  Lc  tcp_in.o [6]
tcp_optidx              0x2001'b8d8     0x2  Data  Lc  tcp_in.o [6]
tcp_output               0x800'0bf3   0x2dc  Code  Gb  tcp_out.o [6]
tcp_output_alloc_header
                         0x800'1129    0x48  Code  Lc  tcp_out.o [6]
tcp_output_alloc_header_common
                         0x800'1099    0x88  Code  Lc  tcp_out.o [6]
tcp_output_control_segment
                         0x800'11bd    0x58  Code  Lc  tcp_out.o [6]
tcp_output_fill_options
                         0x800'1171    0x46  Code  Lc  tcp_out.o [6]
tcp_output_segment_busy
                         0x800'0ed5    0x26  Code  Lc  tcp_out.o [6]
tcp_parseopt             0x800'64b1    0x76  Code  Lc  tcp_in.o [6]
tcp_pbuf_prealloc        0x800'029d    0xa2  Code  Lc  tcp_out.o [6]
tcp_pcb_lists            0x800'2d74    0x10  Data  Gb  tcp.o [6]
tcp_pcb_purge            0x800'3541    0x60  Code  Gb  tcp.o [6]
tcp_pcb_remove           0x800'35a1    0xae  Code  Gb  tcp.o [6]
tcp_persist_backoff      0x800'38a0     0x8  Data  Lc  tcp.o [6]
tcp_poll                 0x800'34fd    0x3e  Code  Gb  tcp.o [6]
tcp_port                0x2000'0b9c     0x2  Data  Lc  tcp.o [6]
tcp_process_refused_data
                         0x800'31d5    0x82  Code  Gb  tcp.o [6]
tcp_receive              0x800'5d5f   0x708  Code  Lc  tcp_in.o [6]
tcp_recv                 0x800'347d    0x24  Code  Gb  tcp.o [6]
tcp_recv_null            0x800'32bf    0x36  Code  Gb  tcp.o [6]
tcp_recved               0x800'2ca1    0x70  Code  Gb  tcp.o [6]
tcp_rexmit               0x800'0fc7    0x6c  Code  Gb  tcp_out.o [6]
tcp_rexmit_fast          0x800'103b    0x5e  Code  Gb  tcp_out.o [6]
tcp_rexmit_rto           0x800'0f9b    0x2c  Code  Gb  tcp_out.o [6]
tcp_rexmit_rto_commit    0x800'0f6f    0x2c  Code  Gb  tcp_out.o [6]
tcp_rexmit_rto_prepare   0x800'0efb    0x6c  Code  Gb  tcp_out.o [6]
tcp_route                0x800'0189    0x12  Code  Lc  tcp_out.o [6]
tcp_rst                  0x800'1215    0x86  Code  Gb  tcp_out.o [6]
tcp_seg_copy             0x800'3285    0x3a  Code  Gb  tcp.o [6]
tcp_seg_free             0x800'3269    0x1c  Code  Gb  tcp.o [6]
tcp_segs_free            0x800'3257    0x12  Code  Gb  tcp.o [6]
tcp_send_empty_ack       0x800'129d    0x66  Code  Gb  tcp_out.o [6]
tcp_send_fin             0x800'0a73    0x4e  Code  Gb  tcp_out.o [6]
tcp_sent                 0x800'34a1    0x24  Code  Gb  tcp.o [6]
tcp_shutdown             0x800'29ed    0x5a  Code  Gb  tcp.o [6]
tcp_slowtmr              0x800'2da9   0x3ac  Code  Gb  tcp.o [6]
tcp_split_unsent_seg     0x800'090b   0x162  Code  Gb  tcp_out.o [6]
tcp_ticks               0x2000'0aa4     0x4  Data  Gb  tcp.o [6]
tcp_timer               0x2001'b9ec     0x1  Data  Lc  tcp.o [6]
tcp_timer_ctr           0x2000'0aa1     0x1  Data  Lc  tcp.o [6]
tcp_timer_needed         0x800'80cd    0x24  Code  Gb  timeouts.o [6]
tcp_tmr                  0x800'2711    0x1e  Code  Gb  tcp.o [6]
tcp_trigger_input_pcb_close
                         0x800'6527     0xc  Code  Gb  tcp_in.o [6]
tcp_tw_pcbs             0x2000'0ab4     0x4  Data  Gb  tcp.o [6]
tcp_update_rcv_ann_wnd   0x800'2c1d    0x66  Code  Gb  tcp.o [6]
tcp_write                0x800'0375   0x4f6  Code  Gb  tcp_out.o [6]
tcp_zero_window_probe    0x800'1361    0xbc  Code  Gb  tcp_out.o [6]
tcphdr                  0x2001'b8e0     0x4  Data  Lc  tcp_in.o [6]
tcphdr_opt1len          0x2001'b8d6     0x2  Data  Lc  tcp_in.o [6]
tcphdr_opt2             0x2001'b8e4     0x4  Data  Lc  tcp_in.o [6]
tcphdr_optlen           0x2001'b8d4     0x2  Data  Lc  tcp_in.o [6]
tcpip_init               0x800'7a05    0x60  Code  Gb  tcpip.o [6]
tcpip_init_done         0x2001'b968     0x4  Data  Lc  tcpip.o [6]
tcpip_init_done_arg     0x2001'b96c     0x4  Data  Lc  tcpip.o [6]
tcpip_inpkt              0x800'7925    0x52  Code  Gb  tcpip.o [6]
tcpip_input              0x800'7977    0x10  Code  Gb  tcpip.o [6]
tcpip_mbox              0x2001'b970     0x4  Data  Lc  tcpip.o [6]
tcpip_send_msg_wait_sem
                         0x800'79e1    0x16  Code  Gb  tcpip.o [6]
tcpip_tcp_timer          0x800'80a5    0x28  Code  Lc  timeouts.o [6]
tcpip_tcp_timer_active  0x2001'b9e0     0x4  Data  Lc  timeouts.o [6]
tcpip_thread             0x800'7865    0xae  Code  Lc  tcpip.o [6]
tcpip_try_callback       0x800'7987    0x4a  Code  Gb  tcpip.o [6]
tcplen                  0x2001'b8dc     0x2  Data  Lc  tcp_in.o [6]
tfp_format               0x800'e363   0x104  Code  Gb  printf.o [2]
tfp_sprintf              0x800'e471    0x1a  Code  Gb  printf.o [2]
tryget_socket            0x800'e5dd    0x12  Code  Lc  sockets.o [6]
tryget_socket_unconn_nouse
                         0x800'e5c9     0xa  Code  Lc  sockets.o [6]
ucHeap                  0x2000'8dbc  0x7d00  Data  Lc  heap_4.o [5]
ucMaxSysCallPriority    0x2000'0a84     0x1  Data  Lc  port.o [5]
udp_bind                 0x800'3d71    0xce  Code  Gb  udp.o [6]
udp_init                 0x800'3965    0x16  Code  Gb  udp.o [6]
udp_input                0x800'397b   0x196  Code  Gb  udp.o [6]
udp_netif_ip_addr_changed
                         0x800'3eb1    0x30  Code  Gb  udp.o [6]
udp_new                  0x800'3e95    0x1a  Code  Gb  udp.o [6]
udp_new_ip_type          0x800'3eaf     0x2  Code  Gb  udp.o [6]
udp_pcbs                0x2000'0ac0     0x4  Data  Gb  udp.o [6]
udp_port                0x2000'0abc     0x2  Data  Lc  udp.o [6]
udp_recv                 0x800'3e41    0x18  Code  Gb  udp.o [6]
udp_remove               0x800'3e59    0x3c  Code  Gb  udp.o [6]
udp_send                 0x800'3b11    0x3c  Code  Gb  udp.o [6]
udp_sendto               0x800'3b4d    0x74  Code  Gb  udp.o [6]
udp_sendto_if            0x800'3bc1    0x80  Code  Gb  udp.o [6]
udp_sendto_if_src        0x800'3c41   0x130  Code  Gb  udp.o [6]
ui2a                     0x800'e2d1    0x52  Code  Lc  printf.o [2]
ulMaxPRIGROUPValue      0x2000'0a8c     0x4  Data  Lc  port.o [5]
ulTaskSwitchedInTime    0x2001'b3f0     0x4  Data  Lc  tasks.o [5]
update_status           0x2000'0a7c     0x8  Data  Gb  main.o [2]
usart_process_data       0x800'cc81    0x22  Code  Gb  main.o [2]
usart_rx                0x2001'7690   0x9c4  Data  Gb  main.o [2]
usart_rx_check::old_pos
                        0x2001'b990     0x4  Data  Lc  main.o [2]
uwTick                  0x2000'0a94     0x4  Data  Gb  stm32f4xx_hal.o [4]
uwTickFreq              0x2000'0a90     0x1  Data  Gb  stm32f4xx_hal.o [4]
uwTickPrio              0x2000'0a98     0x4  Data  Gb  stm32f4xx_hal.o [4]
uxCriticalNesting       0x2000'0a88     0x4  Data  Lc  port.o [5]
uxCurrentNumberOfTasks  0x2001'b3c8     0x4  Data  Lc  tasks.o [5]
uxDeletedTasksWaitingCleanUp
                        0x2001'b3b0     0x4  Data  Lc  tasks.o [5]
uxListRemove             0x800'ba79    0x26  Code  Gb  list.o [5]
uxPendedTicks           0x2001'b3d8     0x4  Data  Lc  tasks.o [5]
uxQueueMessagesWaiting   0x800'aa8b    0x12  Code  Gb  queue.o [5]
uxQueueMessagesWaitingFromISR
                         0x800'aaa5    0x16  Code  Gb  queue.o [5]
uxSchedulerSuspended    0x2001'b3ec     0x4  Data  Lc  tasks.o [5]
uxTaskNumber            0x2001'b3e4     0x4  Data  Lc  tasks.o [5]
uxTopReadyPriority      0x2001'b3d0     0x4  Data  Lc  tasks.o [5]
vApplicationGetIdleTaskMemory
                         0x800'94db    0x10  Code  Gb  cmsis_os2.o [5]
vApplicationGetTimerTaskMemory
                         0x800'94eb    0x12  Code  Gb  cmsis_os2.o [5]
vListInitialise          0x800'ba0d    0x1a  Code  Gb  list.o [5]
vListInitialiseItem      0x800'ba27     0x6  Code  Gb  list.o [5]
vListInsert              0x800'ba47    0x32  Code  Gb  list.o [5]
vListInsertEnd           0x800'ba2d    0x1a  Code  Gb  list.o [5]
vPortEnableVFP           0x800'c2a9          Code  Gb  portasm.o [5]
vPortEnterCritical       0x800'bb85    0x32  Code  Gb  port.o [5]
vPortExitCritical        0x800'bbb7    0x22  Code  Gb  port.o [5]
vPortFree                0x800'b971    0x4e  Code  Gb  heap_4.o [5]
vPortSetupTimerInterrupt
                         0x800'c1ed    0x28  Code  Wk  port.o [5]
vPortStartFirstTask      0x800'c289          Code  Gb  portasm.o [5]
vPortValidateInterruptPriority
                         0x800'bc01    0x34  Code  Gb  port.o [5]
vQueueAddToRegistry      0x800'abeb    0x20  Code  Gb  queue.o [5]
vQueueDelete             0x800'aabb    0x22  Code  Gb  queue.o [5]
vQueueUnregisterQueue    0x800'ac0b    0x22  Code  Gb  queue.o [5]
vQueueWaitForMessageRestricted
                         0x800'ac39    0x48  Code  Gb  queue.o [5]
vTaskDelay               0x800'9c97    0x2e  Code  Gb  tasks.o [5]
vTaskInternalSetTimeOutState
                         0x800'9fff     0xe  Code  Gb  tasks.o [5]
vTaskMissedYield         0x800'a073     0xa  Code  Gb  tasks.o [5]
vTaskPlaceOnEventList    0x800'9f33    0x20  Code  Gb  tasks.o [5]
vTaskPlaceOnEventListRestricted
                         0x800'9f6b    0x2a  Code  Gb  tasks.o [5]
vTaskPriorityDisinheritAfterTimeout
                         0x800'a205    0x72  Code  Gb  tasks.o [5]
vTaskStartScheduler      0x800'9ccb    0x72  Code  Gb  tasks.o [5]
vTaskSuspendAll          0x800'9d3d     0xc  Code  Gb  tasks.o [5]
vTaskSwitchContext       0x800'9ec5    0x66  Code  Gb  tasks.o [5]
xActiveTimerList1       0x2001'ad44    0x14  Data  Lc  timers.o [5]
xActiveTimerList2       0x2001'ad58    0x14  Data  Lc  timers.o [5]
xBlockAllocatedBit      0x2000'8db8     0x4  Data  Lc  heap_4.o [5]
xDelayedTaskList1       0x2001'b3f4    0x14  Data  Lc  tasks.o [5]
xDelayedTaskList2       0x2001'b408    0x14  Data  Lc  tasks.o [5]
xFreeBytesRemaining     0x2000'8db0     0x4  Data  Lc  heap_4.o [5]
xMinimumEverFreeBytesRemaining
                        0x2000'8db4     0x4  Data  Lc  heap_4.o [5]
xNextTaskUnblockTime    0x2001'b3e8     0x4  Data  Lc  tasks.o [5]
xNumOfOverflows         0x2001'b3e0     0x4  Data  Lc  tasks.o [5]
xPendingReadyList       0x2001'b37c    0x14  Data  Lc  tasks.o [5]
xPortStartScheduler      0x800'bae5    0xa0  Code  Gb  port.o [5]
xQueueCreateCountingSemaphore
                         0x800'a537    0x2e  Code  Gb  queue.o [5]
xQueueCreateCountingSemaphoreStatic
                         0x800'a503    0x34  Code  Gb  queue.o [5]
xQueueCreateMutex        0x800'a45d    0x16  Code  Gb  queue.o [5]
xQueueCreateMutexStatic
                         0x800'a473    0x1a  Code  Gb  queue.o [5]
xQueueGenericCreate      0x800'a3ed    0x3e  Code  Gb  queue.o [5]
xQueueGenericCreateStatic
                         0x800'a38b    0x62  Code  Gb  queue.o [5]
xQueueGenericReset       0x800'a319    0x72  Code  Gb  queue.o [5]
xQueueGenericSend        0x800'a565   0x126  Code  Gb  queue.o [5]
xQueueGenericSendFromISR
                         0x800'a693    0x8a  Code  Gb  queue.o [5]
xQueueGiveFromISR        0x800'a71d    0x70  Code  Gb  queue.o [5]
xQueueGiveMutexRecursive
                         0x800'a48d    0x32  Code  Gb  queue.o [5]
xQueueReceive            0x800'a7a1   0x104  Code  Gb  queue.o [5]
xQueueReceiveFromISR     0x800'aa09    0x82  Code  Gb  queue.o [5]
xQueueRegistry          0x2001'b800    0x40  Data  Gb  queue.o [5]
xQueueSemaphoreTake      0x800'a8a5   0x12e  Code  Gb  queue.o [5]
xQueueTakeMutexRecursive
                         0x800'a4bf    0x34  Code  Gb  queue.o [5]
xSchedulerRunning       0x2001'b3d4     0x4  Data  Lc  tasks.o [5]
xStart                  0x2000'8da4     0x8  Data  Lc  heap_4.o [5]
xSuspendedTaskList      0x2001'b3b4    0x14  Data  Lc  tasks.o [5]
xTaskCheckForTimeOut     0x800'a00d    0x66  Code  Gb  tasks.o [5]
xTaskCreate              0x800'9afb    0x5c  Code  Gb  tasks.o [5]
xTaskCreateStatic        0x800'9a99    0x62  Code  Gb  tasks.o [5]
xTaskGetCurrentTaskHandle
                         0x800'a105     0x8  Code  Gb  tasks.o [5]
xTaskGetSchedulerState   0x800'a10d    0x18  Code  Gb  tasks.o [5]
xTaskGetTickCount        0x800'9df1     0x8  Code  Gb  tasks.o [5]
xTaskGetTickCountFromISR
                         0x800'9df9     0xe  Code  Gb  tasks.o [5]
xTaskIncrementTick       0x800'9e07    0xbe  Code  Gb  tasks.o [5]
xTaskPriorityDisinherit
                         0x800'a197    0x5a  Code  Gb  tasks.o [5]
xTaskPriorityInherit     0x800'a125    0x68  Code  Gb  tasks.o [5]
xTaskRemoveFromEventList
                         0x800'9fa1    0x4c  Code  Gb  tasks.o [5]
xTaskResumeAll           0x800'9d49    0x98  Code  Gb  tasks.o [5]
xTasksWaitingTermination
                        0x2001'b390    0x14  Data  Lc  tasks.o [5]
xTickCount              0x2001'b3cc     0x4  Data  Lc  tasks.o [5]
xTimerCreateTimerTask    0x800'bc69    0x54  Code  Gb  timers.o [5]
xTimerGenericCommand     0x800'bcc3    0x4e  Code  Gb  timers.o [5]
xTimerQueue             0x2001'ad38     0x4  Data  Lc  timers.o [5]
xTimerTaskHandle        0x2001'ad3c     0x4  Data  Lc  timers.o [5]
xYieldPending           0x2001'b3dc     0x4  Data  Lc  tasks.o [5]


[1] = E:\Users\GitHub_Backup\WorkProjects\STM32\humidity\16Sensors\UDP_Server_final-16sensors\EWARM\code_rev1\Obj\Application\EWARM
[2] = E:\Users\GitHub_Backup\WorkProjects\STM32\humidity\16Sensors\UDP_Server_final-16sensors\EWARM\code_rev1\Obj\Application\User
[3] = E:\Users\GitHub_Backup\WorkProjects\STM32\humidity\16Sensors\UDP_Server_final-16sensors\EWARM\code_rev1\Obj\Drivers\CMSIS
[4] = E:\Users\GitHub_Backup\WorkProjects\STM32\humidity\16Sensors\UDP_Server_final-16sensors\EWARM\code_rev1\Obj\Drivers\STM32F4xx_HAL_Driver
[5] = E:\Users\GitHub_Backup\WorkProjects\STM32\humidity\16Sensors\UDP_Server_final-16sensors\EWARM\code_rev1\Obj\Middlewares\FreeRTOS
[6] = E:\Users\GitHub_Backup\WorkProjects\STM32\humidity\16Sensors\UDP_Server_final-16sensors\EWARM\code_rev1\Obj\Middlewares\LwIP
[7] = E:\Users\GitHub_Backup\WorkProjects\STM32\humidity\16Sensors\UDP_Server_final-16sensors\EWARM\code_rev1\Obj\Middlewares\modbusTcpServer\src
[8] = dl7M_tlf.a
[9] = m7M_tls.a
[10] = rt7M_tl.a
[11] = shb_l.a

   68'495 bytes of readonly  code memory
   10'586 bytes of readonly  data memory
  129'515 bytes of readwrite data memory

Errors: none
Warnings: none
